<?xml version="1.0" encoding="ISO-8859-1" ?>
<link_info>
   <banner>TI ARM Linker PC v20.2.7.LTS</banner>
   <copyright>Copyright (c) 1996-2018 Texas Instruments Incorporated</copyright>
   <link_time>0x65f4c84e</link_time>
   <link_errors>0x0</link_errors>
   <output_file>SSL_REST_API_AWS.out</output_file>
   <entry_point>
      <name>_c_int00_noargs</name>
      <address>0x20016691</address>
   </entry_point>
   <input_file_list>
      <input_file id="fl-2">
         <path>.\</path>
         <kind>object</kind>
         <file>Adafruit_GFX.obj</file>
         <name>Adafruit_GFX.obj</name>
      </input_file>
      <input_file id="fl-3">
         <path>.\</path>
         <kind>object</kind>
         <file>Adafruit_OLED.obj</file>
         <name>Adafruit_OLED.obj</name>
      </input_file>
      <input_file id="fl-4">
         <path>.\</path>
         <kind>object</kind>
         <file>gpio_if.obj</file>
         <name>gpio_if.obj</name>
      </input_file>
      <input_file id="fl-5">
         <path>.\</path>
         <kind>object</kind>
         <file>i2c_if.obj</file>
         <name>i2c_if.obj</name>
      </input_file>
      <input_file id="fl-6">
         <path>.\</path>
         <kind>object</kind>
         <file>main.obj</file>
         <name>main.obj</name>
      </input_file>
      <input_file id="fl-7">
         <path>.\</path>
         <kind>object</kind>
         <file>network_common.obj</file>
         <name>network_common.obj</name>
      </input_file>
      <input_file id="fl-8">
         <path>.\</path>
         <kind>object</kind>
         <file>pin_mux_config.obj</file>
         <name>pin_mux_config.obj</name>
      </input_file>
      <input_file id="fl-9">
         <path>.\</path>
         <kind>object</kind>
         <file>startup_ccs.obj</file>
         <name>startup_ccs.obj</name>
      </input_file>
      <input_file id="fl-a">
         <path>.\</path>
         <kind>object</kind>
         <file>test.obj</file>
         <name>test.obj</name>
      </input_file>
      <input_file id="fl-b">
         <path>.\</path>
         <kind>object</kind>
         <file>uart_if.obj</file>
         <name>uart_if.obj</name>
      </input_file>
      <input_file id="fl-11">
         <kind>object</kind>
         <file>&lt;internal&gt;</file>
         <name>&lt;internal&gt;</name>
      </input_file>
      <input_file id="fl-c7">
         <path>C:\ti\ccs1260\ccs\tools\compiler\ti-cgt-arm_20.2.7.LTS\lib\</path>
         <kind>archive</kind>
         <file>rtsv7M4_T_le_eabi.lib</file>
         <name>printf.c.obj</name>
      </input_file>
      <input_file id="fl-c8">
         <path>C:\ti\ccs1260\ccs\tools\compiler\ti-cgt-arm_20.2.7.LTS\lib\</path>
         <kind>archive</kind>
         <file>rtsv7M4_T_le_eabi.lib</file>
         <name>_printfi.c.obj</name>
      </input_file>
      <input_file id="fl-c9">
         <path>C:\ti\ccs1260\ccs\tools\compiler\ti-cgt-arm_20.2.7.LTS\lib\</path>
         <kind>archive</kind>
         <file>rtsv7M4_T_le_eabi.lib</file>
         <name>sprintf.c.obj</name>
      </input_file>
      <input_file id="fl-ca">
         <path>C:\ti\ccs1260\ccs\tools\compiler\ti-cgt-arm_20.2.7.LTS\lib\</path>
         <kind>archive</kind>
         <file>rtsv7M4_T_le_eabi.lib</file>
         <name>vsnprintf.c.obj</name>
      </input_file>
      <input_file id="fl-cb">
         <path>C:\ti\ccs1260\ccs\tools\compiler\ti-cgt-arm_20.2.7.LTS\lib\</path>
         <kind>archive</kind>
         <file>rtsv7M4_T_le_eabi.lib</file>
         <name>fputc.c.obj</name>
      </input_file>
      <input_file id="fl-cc">
         <path>C:\ti\ccs1260\ccs\tools\compiler\ti-cgt-arm_20.2.7.LTS\lib\</path>
         <kind>archive</kind>
         <file>rtsv7M4_T_le_eabi.lib</file>
         <name>fputs.c.obj</name>
      </input_file>
      <input_file id="fl-cd">
         <path>C:\ti\ccs1260\ccs\tools\compiler\ti-cgt-arm_20.2.7.LTS\lib\</path>
         <kind>archive</kind>
         <file>rtsv7M4_T_le_eabi.lib</file>
         <name>_io_perm.c.obj</name>
      </input_file>
      <input_file id="fl-ce">
         <path>C:\ti\ccs1260\ccs\tools\compiler\ti-cgt-arm_20.2.7.LTS\lib\</path>
         <kind>archive</kind>
         <file>rtsv7M4_T_le_eabi.lib</file>
         <name>setvbuf.c.obj</name>
      </input_file>
      <input_file id="fl-cf">
         <path>C:\ti\ccs1260\ccs\tools\compiler\ti-cgt-arm_20.2.7.LTS\lib\</path>
         <kind>archive</kind>
         <file>rtsv7M4_T_le_eabi.lib</file>
         <name>fd_add_t2.asm.obj</name>
      </input_file>
      <input_file id="fl-d0">
         <path>C:\ti\ccs1260\ccs\tools\compiler\ti-cgt-arm_20.2.7.LTS\lib\</path>
         <kind>archive</kind>
         <file>rtsv7M4_T_le_eabi.lib</file>
         <name>fd_cmp_t2.asm.obj</name>
      </input_file>
      <input_file id="fl-d1">
         <path>C:\ti\ccs1260\ccs\tools\compiler\ti-cgt-arm_20.2.7.LTS\lib\</path>
         <kind>archive</kind>
         <file>rtsv7M4_T_le_eabi.lib</file>
         <name>fd_div_t2.asm.obj</name>
      </input_file>
      <input_file id="fl-d2">
         <path>C:\ti\ccs1260\ccs\tools\compiler\ti-cgt-arm_20.2.7.LTS\lib\</path>
         <kind>archive</kind>
         <file>rtsv7M4_T_le_eabi.lib</file>
         <name>fd_mul_t2.asm.obj</name>
      </input_file>
      <input_file id="fl-d3">
         <path>C:\ti\ccs1260\ccs\tools\compiler\ti-cgt-arm_20.2.7.LTS\lib\</path>
         <kind>archive</kind>
         <file>rtsv7M4_T_le_eabi.lib</file>
         <name>fd_toi_t2.asm.obj</name>
      </input_file>
      <input_file id="fl-d4">
         <path>C:\ti\ccs1260\ccs\tools\compiler\ti-cgt-arm_20.2.7.LTS\lib\</path>
         <kind>archive</kind>
         <file>rtsv7M4_T_le_eabi.lib</file>
         <name>i_tofd_t2.asm.obj</name>
      </input_file>
      <input_file id="fl-d5">
         <path>C:\ti\ccs1260\ccs\tools\compiler\ti-cgt-arm_20.2.7.LTS\lib\</path>
         <kind>archive</kind>
         <file>rtsv7M4_T_le_eabi.lib</file>
         <name>ll_mul_t2.asm.obj</name>
      </input_file>
      <input_file id="fl-d6">
         <path>C:\ti\ccs1260\ccs\tools\compiler\ti-cgt-arm_20.2.7.LTS\lib\</path>
         <kind>archive</kind>
         <file>rtsv7M4_T_le_eabi.lib</file>
         <name>memcpy_t2.asm.obj</name>
      </input_file>
      <input_file id="fl-d7">
         <path>C:\ti\ccs1260\ccs\tools\compiler\ti-cgt-arm_20.2.7.LTS\lib\</path>
         <kind>archive</kind>
         <file>rtsv7M4_T_le_eabi.lib</file>
         <name>memset_t2.asm.obj</name>
      </input_file>
      <input_file id="fl-d8">
         <path>C:\ti\ccs1260\ccs\tools\compiler\ti-cgt-arm_20.2.7.LTS\lib\</path>
         <kind>archive</kind>
         <file>rtsv7M4_T_le_eabi.lib</file>
         <name>ull_div_t2.asm.obj</name>
      </input_file>
      <input_file id="fl-d9">
         <path>C:\ti\ccs1260\ccs\tools\compiler\ti-cgt-arm_20.2.7.LTS\lib\</path>
         <kind>archive</kind>
         <file>rtsv7M4_T_le_eabi.lib</file>
         <name>copy_zero_init.c.obj</name>
      </input_file>
      <input_file id="fl-da">
         <path>C:\ti\ccs1260\ccs\tools\compiler\ti-cgt-arm_20.2.7.LTS\lib\</path>
         <kind>archive</kind>
         <file>rtsv7M4_T_le_eabi.lib</file>
         <name>copy_decompress_none.c.obj</name>
      </input_file>
      <input_file id="fl-db">
         <path>C:\ti\ccs1260\ccs\tools\compiler\ti-cgt-arm_20.2.7.LTS\lib\</path>
         <kind>archive</kind>
         <file>rtsv7M4_T_le_eabi.lib</file>
         <name>copy_decompress_lzss.c.obj</name>
      </input_file>
      <input_file id="fl-dc">
         <path>C:\ti\ccs1260\ccs\tools\compiler\ti-cgt-arm_20.2.7.LTS\lib\</path>
         <kind>archive</kind>
         <file>rtsv7M4_T_le_eabi.lib</file>
         <name>exit.c.obj</name>
      </input_file>
      <input_file id="fl-dd">
         <path>C:\ti\ccs1260\ccs\tools\compiler\ti-cgt-arm_20.2.7.LTS\lib\</path>
         <kind>archive</kind>
         <file>rtsv7M4_T_le_eabi.lib</file>
         <name>_lock.c.obj</name>
      </input_file>
      <input_file id="fl-de">
         <path>C:\ti\ccs1260\ccs\tools\compiler\ti-cgt-arm_20.2.7.LTS\lib\</path>
         <kind>archive</kind>
         <file>rtsv7M4_T_le_eabi.lib</file>
         <name>_ltoa.c.obj</name>
      </input_file>
      <input_file id="fl-df">
         <path>C:\ti\ccs1260\ccs\tools\compiler\ti-cgt-arm_20.2.7.LTS\lib\</path>
         <kind>archive</kind>
         <file>rtsv7M4_T_le_eabi.lib</file>
         <name>atoi.c.obj</name>
      </input_file>
      <input_file id="fl-e0">
         <path>C:\ti\ccs1260\ccs\tools\compiler\ti-cgt-arm_20.2.7.LTS\lib\</path>
         <kind>archive</kind>
         <file>rtsv7M4_T_le_eabi.lib</file>
         <name>ctype.c.obj</name>
      </input_file>
      <input_file id="fl-e1">
         <path>C:\ti\ccs1260\ccs\tools\compiler\ti-cgt-arm_20.2.7.LTS\lib\</path>
         <kind>archive</kind>
         <file>rtsv7M4_T_le_eabi.lib</file>
         <name>defs.c.obj</name>
      </input_file>
      <input_file id="fl-e2">
         <path>C:\ti\ccs1260\ccs\tools\compiler\ti-cgt-arm_20.2.7.LTS\lib\</path>
         <kind>archive</kind>
         <file>rtsv7M4_T_le_eabi.lib</file>
         <name>memccpy.c.obj</name>
      </input_file>
      <input_file id="fl-e3">
         <path>C:\ti\ccs1260\ccs\tools\compiler\ti-cgt-arm_20.2.7.LTS\lib\</path>
         <kind>archive</kind>
         <file>rtsv7M4_T_le_eabi.lib</file>
         <name>memchr.c.obj</name>
      </input_file>
      <input_file id="fl-e4">
         <path>C:\ti\ccs1260\ccs\tools\compiler\ti-cgt-arm_20.2.7.LTS\lib\</path>
         <kind>archive</kind>
         <file>rtsv7M4_T_le_eabi.lib</file>
         <name>memmov.c.obj</name>
      </input_file>
      <input_file id="fl-e5">
         <path>C:\ti\ccs1260\ccs\tools\compiler\ti-cgt-arm_20.2.7.LTS\lib\</path>
         <kind>archive</kind>
         <file>rtsv7M4_T_le_eabi.lib</file>
         <name>memory.c.obj</name>
      </input_file>
      <input_file id="fl-e6">
         <path>C:\ti\ccs1260\ccs\tools\compiler\ti-cgt-arm_20.2.7.LTS\lib\</path>
         <kind>archive</kind>
         <file>rtsv7M4_T_le_eabi.lib</file>
         <name>strchr.c.obj</name>
      </input_file>
      <input_file id="fl-e7">
         <path>C:\ti\ccs1260\ccs\tools\compiler\ti-cgt-arm_20.2.7.LTS\lib\</path>
         <kind>archive</kind>
         <file>rtsv7M4_T_le_eabi.lib</file>
         <name>strlen.c.obj</name>
      </input_file>
      <input_file id="fl-e8">
         <path>C:\ti\ccs1260\ccs\tools\compiler\ti-cgt-arm_20.2.7.LTS\lib\</path>
         <kind>archive</kind>
         <file>rtsv7M4_T_le_eabi.lib</file>
         <name>boot_cortex_m.c.obj</name>
      </input_file>
      <input_file id="fl-e9">
         <path>C:\ti\ccs1260\ccs\tools\compiler\ti-cgt-arm_20.2.7.LTS\lib\</path>
         <kind>archive</kind>
         <file>rtsv7M4_T_le_eabi.lib</file>
         <name>write.c.obj</name>
      </input_file>
      <input_file id="fl-ea">
         <path>C:\ti\ccs1260\ccs\tools\compiler\ti-cgt-arm_20.2.7.LTS\lib\</path>
         <kind>archive</kind>
         <file>rtsv7M4_T_le_eabi.lib</file>
         <name>host_device.c.obj</name>
      </input_file>
      <input_file id="fl-eb">
         <path>C:\ti\ccs1260\ccs\tools\compiler\ti-cgt-arm_20.2.7.LTS\lib\</path>
         <kind>archive</kind>
         <file>rtsv7M4_T_le_eabi.lib</file>
         <name>errno.c.obj</name>
      </input_file>
      <input_file id="fl-ec">
         <path>C:\ti\ccs1260\ccs\tools\compiler\ti-cgt-arm_20.2.7.LTS\lib\</path>
         <kind>archive</kind>
         <file>rtsv7M4_T_le_eabi.lib</file>
         <name>wcslen.c.obj</name>
      </input_file>
      <input_file id="fl-ed">
         <path>C:\ti\ccs1260\ccs\tools\compiler\ti-cgt-arm_20.2.7.LTS\lib\</path>
         <kind>archive</kind>
         <file>rtsv7M4_T_le_eabi.lib</file>
         <name>s_frexp.c.obj</name>
      </input_file>
      <input_file id="fl-ee">
         <path>C:\ti\ccs1260\ccs\tools\compiler\ti-cgt-arm_20.2.7.LTS\lib\</path>
         <kind>archive</kind>
         <file>rtsv7M4_T_le_eabi.lib</file>
         <name>s_scalbn.c.obj</name>
      </input_file>
      <input_file id="fl-ef">
         <path>C:\ti\ccs1260\ccs\tools\compiler\ti-cgt-arm_20.2.7.LTS\lib\</path>
         <kind>archive</kind>
         <file>rtsv7M4_T_le_eabi.lib</file>
         <name>fflush.c.obj</name>
      </input_file>
      <input_file id="fl-f0">
         <path>C:\ti\ccs1260\ccs\tools\compiler\ti-cgt-arm_20.2.7.LTS\lib\</path>
         <kind>archive</kind>
         <file>rtsv7M4_T_le_eabi.lib</file>
         <name>fopen.c.obj</name>
      </input_file>
      <input_file id="fl-f1">
         <path>C:\ti\ccs1260\ccs\tools\compiler\ti-cgt-arm_20.2.7.LTS\lib\</path>
         <kind>archive</kind>
         <file>rtsv7M4_T_le_eabi.lib</file>
         <name>fseek.c.obj</name>
      </input_file>
      <input_file id="fl-f2">
         <path>C:\ti\ccs1260\ccs\tools\compiler\ti-cgt-arm_20.2.7.LTS\lib\</path>
         <kind>archive</kind>
         <file>rtsv7M4_T_le_eabi.lib</file>
         <name>div0.asm.obj</name>
      </input_file>
      <input_file id="fl-f3">
         <path>C:\ti\ccs1260\ccs\tools\compiler\ti-cgt-arm_20.2.7.LTS\lib\</path>
         <kind>archive</kind>
         <file>rtsv7M4_T_le_eabi.lib</file>
         <name>autoinit.c.obj</name>
      </input_file>
      <input_file id="fl-f4">
         <path>C:\ti\ccs1260\ccs\tools\compiler\ti-cgt-arm_20.2.7.LTS\lib\</path>
         <kind>archive</kind>
         <file>rtsv7M4_T_le_eabi.lib</file>
         <name>pre_init.c.obj</name>
      </input_file>
      <input_file id="fl-f5">
         <path>C:\ti\ccs1260\ccs\tools\compiler\ti-cgt-arm_20.2.7.LTS\lib\</path>
         <kind>archive</kind>
         <file>rtsv7M4_T_le_eabi.lib</file>
         <name>cpy_tbl.c.obj</name>
      </input_file>
      <input_file id="fl-f6">
         <path>C:\ti\ccs1260\ccs\tools\compiler\ti-cgt-arm_20.2.7.LTS\lib\</path>
         <kind>archive</kind>
         <file>rtsv7M4_T_le_eabi.lib</file>
         <name>args_main.c.obj</name>
      </input_file>
      <input_file id="fl-f7">
         <path>C:\ti\ccs1260\ccs\tools\compiler\ti-cgt-arm_20.2.7.LTS\lib\</path>
         <kind>archive</kind>
         <file>rtsv7M4_T_le_eabi.lib</file>
         <name>hostclose.c.obj</name>
      </input_file>
      <input_file id="fl-f8">
         <path>C:\ti\ccs1260\ccs\tools\compiler\ti-cgt-arm_20.2.7.LTS\lib\</path>
         <kind>archive</kind>
         <file>rtsv7M4_T_le_eabi.lib</file>
         <name>hostlseek.c.obj</name>
      </input_file>
      <input_file id="fl-f9">
         <path>C:\ti\ccs1260\ccs\tools\compiler\ti-cgt-arm_20.2.7.LTS\lib\</path>
         <kind>archive</kind>
         <file>rtsv7M4_T_le_eabi.lib</file>
         <name>hostopen.c.obj</name>
      </input_file>
      <input_file id="fl-fa">
         <path>C:\ti\ccs1260\ccs\tools\compiler\ti-cgt-arm_20.2.7.LTS\lib\</path>
         <kind>archive</kind>
         <file>rtsv7M4_T_le_eabi.lib</file>
         <name>hostread.c.obj</name>
      </input_file>
      <input_file id="fl-fb">
         <path>C:\ti\ccs1260\ccs\tools\compiler\ti-cgt-arm_20.2.7.LTS\lib\</path>
         <kind>archive</kind>
         <file>rtsv7M4_T_le_eabi.lib</file>
         <name>hostrename.c.obj</name>
      </input_file>
      <input_file id="fl-fc">
         <path>C:\ti\ccs1260\ccs\tools\compiler\ti-cgt-arm_20.2.7.LTS\lib\</path>
         <kind>archive</kind>
         <file>rtsv7M4_T_le_eabi.lib</file>
         <name>hostunlink.c.obj</name>
      </input_file>
      <input_file id="fl-fd">
         <path>C:\ti\ccs1260\ccs\tools\compiler\ti-cgt-arm_20.2.7.LTS\lib\</path>
         <kind>archive</kind>
         <file>rtsv7M4_T_le_eabi.lib</file>
         <name>hostwrite.c.obj</name>
      </input_file>
      <input_file id="fl-fe">
         <path>C:\ti\ccs1260\ccs\tools\compiler\ti-cgt-arm_20.2.7.LTS\lib\</path>
         <kind>archive</kind>
         <file>rtsv7M4_T_le_eabi.lib</file>
         <name>trgmsg.c.obj</name>
      </input_file>
      <input_file id="fl-ff">
         <path>C:\ti\ccs1260\ccs\tools\compiler\ti-cgt-arm_20.2.7.LTS\lib\</path>
         <kind>archive</kind>
         <file>rtsv7M4_T_le_eabi.lib</file>
         <name>open.c.obj</name>
      </input_file>
      <input_file id="fl-100">
         <path>C:\ti\ccs1260\ccs\tools\compiler\ti-cgt-arm_20.2.7.LTS\lib\</path>
         <kind>archive</kind>
         <file>rtsv7M4_T_le_eabi.lib</file>
         <name>lseek.c.obj</name>
      </input_file>
      <input_file id="fl-101">
         <path>C:\ti\ccs1260\ccs\tools\compiler\ti-cgt-arm_20.2.7.LTS\lib\</path>
         <kind>archive</kind>
         <file>rtsv7M4_T_le_eabi.lib</file>
         <name>s_copysign.c.obj</name>
      </input_file>
      <input_file id="fl-102">
         <path>C:\ti\ccs1260\ccs\tools\compiler\ti-cgt-arm_20.2.7.LTS\lib\</path>
         <kind>archive</kind>
         <file>rtsv7M4_T_le_eabi.lib</file>
         <name>fclose.c.obj</name>
      </input_file>
      <input_file id="fl-103">
         <path>C:\ti\ccs1260\ccs\tools\compiler\ti-cgt-arm_20.2.7.LTS\lib\</path>
         <kind>archive</kind>
         <file>rtsv7M4_T_le_eabi.lib</file>
         <name>getdevice.c.obj</name>
      </input_file>
      <input_file id="fl-104">
         <path>C:\ti\ccs1260\ccs\tools\compiler\ti-cgt-arm_20.2.7.LTS\lib\</path>
         <kind>archive</kind>
         <file>rtsv7M4_T_le_eabi.lib</file>
         <name>strcmp.c.obj</name>
      </input_file>
      <input_file id="fl-105">
         <path>C:\ti\ccs1260\ccs\tools\compiler\ti-cgt-arm_20.2.7.LTS\lib\</path>
         <kind>archive</kind>
         <file>rtsv7M4_T_le_eabi.lib</file>
         <name>strcpy.c.obj</name>
      </input_file>
      <input_file id="fl-106">
         <path>C:\ti\ccs1260\ccs\tools\compiler\ti-cgt-arm_20.2.7.LTS\lib\</path>
         <kind>archive</kind>
         <file>rtsv7M4_T_le_eabi.lib</file>
         <name>strncpy.c.obj</name>
      </input_file>
      <input_file id="fl-107">
         <path>C:\ti\ccs1260\ccs\tools\compiler\ti-cgt-arm_20.2.7.LTS\lib\</path>
         <kind>archive</kind>
         <file>rtsv7M4_T_le_eabi.lib</file>
         <name>remove.c.obj</name>
      </input_file>
      <input_file id="fl-108">
         <path>C:\ti\ccs1260\ccs\tools\compiler\ti-cgt-arm_20.2.7.LTS\lib\</path>
         <kind>archive</kind>
         <file>rtsv7M4_T_le_eabi.lib</file>
         <name>close.c.obj</name>
      </input_file>
      <input_file id="fl-109">
         <path>C:\ti\ccs1260\ccs\tools\compiler\ti-cgt-arm_20.2.7.LTS\lib\</path>
         <kind>archive</kind>
         <file>rtsv7M4_T_le_eabi.lib</file>
         <name>unlink.c.obj</name>
      </input_file>
      <input_file id="fl-10a">
         <path>C:\ti\CC3200SDK_1.3.0\cc3200-sdk\driverlib\ccs\Release\</path>
         <kind>archive</kind>
         <file>driverlib.a</file>
         <name>gpio.obj</name>
      </input_file>
      <input_file id="fl-10b">
         <path>C:\ti\CC3200SDK_1.3.0\cc3200-sdk\driverlib\ccs\Release\</path>
         <kind>archive</kind>
         <file>driverlib.a</file>
         <name>i2c.obj</name>
      </input_file>
      <input_file id="fl-10c">
         <path>C:\ti\CC3200SDK_1.3.0\cc3200-sdk\driverlib\ccs\Release\</path>
         <kind>archive</kind>
         <file>driverlib.a</file>
         <name>interrupt.obj</name>
      </input_file>
      <input_file id="fl-10d">
         <path>C:\ti\CC3200SDK_1.3.0\cc3200-sdk\driverlib\ccs\Release\</path>
         <kind>archive</kind>
         <file>driverlib.a</file>
         <name>pin.obj</name>
      </input_file>
      <input_file id="fl-10e">
         <path>C:\ti\CC3200SDK_1.3.0\cc3200-sdk\driverlib\ccs\Release\</path>
         <kind>archive</kind>
         <file>driverlib.a</file>
         <name>prcm.obj</name>
      </input_file>
      <input_file id="fl-10f">
         <path>C:\ti\CC3200SDK_1.3.0\cc3200-sdk\driverlib\ccs\Release\</path>
         <kind>archive</kind>
         <file>driverlib.a</file>
         <name>spi.obj</name>
      </input_file>
      <input_file id="fl-110">
         <path>C:\ti\CC3200SDK_1.3.0\cc3200-sdk\driverlib\ccs\Release\</path>
         <kind>archive</kind>
         <file>driverlib.a</file>
         <name>systick.obj</name>
      </input_file>
      <input_file id="fl-111">
         <path>C:\ti\CC3200SDK_1.3.0\cc3200-sdk\driverlib\ccs\Release\</path>
         <kind>archive</kind>
         <file>driverlib.a</file>
         <name>uart.obj</name>
      </input_file>
      <input_file id="fl-112">
         <path>C:\ti\CC3200SDK_1.3.0\cc3200-sdk\driverlib\ccs\Release\</path>
         <kind>archive</kind>
         <file>driverlib.a</file>
         <name>utils.obj</name>
      </input_file>
      <input_file id="fl-113">
         <path>C:\ti\CC3200SDK_1.3.0\cc3200-sdk\driverlib\ccs\Release\</path>
         <kind>archive</kind>
         <file>driverlib.a</file>
         <name>cpu.obj</name>
      </input_file>
      <input_file id="fl-114">
         <path>C:\ti\CC3200SDK_1.3.0\cc3200-sdk\driverlib\ccs\Release\</path>
         <kind>archive</kind>
         <file>driverlib.a</file>
         <name>flash.obj</name>
      </input_file>
   </input_file_list>
   <object_component_list>
      <object_component id="oc-12">
         <name>.intvecs</name>
         <load_address>0x20004000</load_address>
         <run_address>0x20004000</run_address>
         <size>0x400</size>
         <input_file_ref idref="fl-9"/>
      </object_component>
      <object_component id="oc-97">
         <name>.text</name>
         <load_address>0x20010d20</load_address>
         <run_address>0x20010d20</run_address>
         <size>0xf90</size>
         <input_file_ref idref="fl-6"/>
      </object_component>
      <object_component id="oc-13e">
         <name>.text</name>
         <load_address>0x20011cb0</load_address>
         <run_address>0x20011cb0</run_address>
         <size>0xaf8</size>
         <input_file_ref idref="fl-2"/>
      </object_component>
      <object_component id="oc-2f5">
         <name>.text:__TI_printfi</name>
         <load_address>0x200127a8</load_address>
         <run_address>0x200127a8</run_address>
         <size>0xa4e</size>
         <input_file_ref idref="fl-c8"/>
      </object_component>
      <object_component id="oc-465">
         <name>.text:_nop</name>
         <load_address>0x200131f6</load_address>
         <run_address>0x200131f6</run_address>
         <size>0x2</size>
         <input_file_ref idref="fl-dd"/>
      </object_component>
      <object_component id="oc-1a9">
         <name>.text</name>
         <load_address>0x200131f8</load_address>
         <run_address>0x200131f8</run_address>
         <size>0x4ac</size>
         <input_file_ref idref="fl-3"/>
      </object_component>
      <object_component id="oc-132">
         <name>.text</name>
         <load_address>0x200136a4</load_address>
         <run_address>0x200136a4</run_address>
         <size>0x398</size>
         <input_file_ref idref="fl-4"/>
      </object_component>
      <object_component id="oc-dd">
         <name>.text</name>
         <load_address>0x20013a3c</load_address>
         <run_address>0x20013a3c</run_address>
         <size>0x27c</size>
         <input_file_ref idref="fl-b"/>
      </object_component>
      <object_component id="oc-426">
         <name>.text:_pconv_a</name>
         <load_address>0x20013cb8</load_address>
         <run_address>0x20013cb8</run_address>
         <size>0x268</size>
         <input_file_ref idref="fl-c8"/>
      </object_component>
      <object_component id="oc-414">
         <name>.text:_pconv_g</name>
         <load_address>0x20013f20</load_address>
         <run_address>0x20013f20</run_address>
         <size>0x1cc</size>
         <input_file_ref idref="fl-c8"/>
      </object_component>
      <object_component id="oc-4e4">
         <name>.text</name>
         <load_address>0x200140ec</load_address>
         <run_address>0x200140ec</run_address>
         <size>0x1b6</size>
         <input_file_ref idref="fl-cf"/>
      </object_component>
      <object_component id="oc-311">
         <name>.text</name>
         <load_address>0x200142a2</load_address>
         <run_address>0x200142a2</run_address>
         <size>0x2</size>
         <input_file_ref idref="fl-f2"/>
      </object_component>
      <object_component id="oc-12c">
         <name>.text:PRCMCC3200MCUInit</name>
         <load_address>0x200142a4</load_address>
         <run_address>0x200142a4</run_address>
         <size>0x178</size>
         <input_file_ref idref="fl-10e"/>
      </object_component>
      <object_component id="oc-420">
         <name>.text:_pconv_e</name>
         <load_address>0x2001441c</load_address>
         <run_address>0x2001441c</run_address>
         <size>0x13c</size>
         <input_file_ref idref="fl-c8"/>
      </object_component>
      <object_component id="oc-4ca">
         <name>.text</name>
         <load_address>0x20014558</load_address>
         <run_address>0x20014558</run_address>
         <size>0x136</size>
         <input_file_ref idref="fl-d1"/>
      </object_component>
      <object_component id="oc-4f6">
         <name>.text:fcvt</name>
         <load_address>0x20014690</load_address>
         <run_address>0x20014690</run_address>
         <size>0x120</size>
         <input_file_ref idref="fl-c8"/>
      </object_component>
      <object_component id="oc-473">
         <name>.text:fputs</name>
         <load_address>0x200147b0</load_address>
         <run_address>0x200147b0</run_address>
         <size>0x114</size>
         <input_file_ref idref="fl-cc"/>
      </object_component>
      <object_component id="oc-18b">
         <name>.text</name>
         <load_address>0x200148c4</load_address>
         <run_address>0x200148c4</run_address>
         <size>0x108</size>
         <input_file_ref idref="fl-8"/>
      </object_component>
      <object_component id="oc-2ee">
         <name>.text:aligned_alloc</name>
         <load_address>0x200149cc</load_address>
         <run_address>0x200149cc</run_address>
         <size>0x100</size>
         <input_file_ref idref="fl-e5"/>
      </object_component>
      <object_component id="oc-4c5">
         <name>.text</name>
         <load_address>0x20014acc</load_address>
         <run_address>0x20014acc</run_address>
         <size>0xfc</size>
         <input_file_ref idref="fl-d2"/>
      </object_component>
      <object_component id="oc-240">
         <name>.text:free</name>
         <load_address>0x20014bc8</load_address>
         <run_address>0x20014bc8</run_address>
         <size>0xe4</size>
         <input_file_ref idref="fl-e5"/>
      </object_component>
      <object_component id="oc-23a">
         <name>.text:realloc</name>
         <load_address>0x20014cac</load_address>
         <run_address>0x20014cac</run_address>
         <size>0xe4</size>
         <input_file_ref idref="fl-e5"/>
      </object_component>
      <object_component id="oc-59e">
         <name>.text:setvbuf</name>
         <load_address>0x20014d90</load_address>
         <run_address>0x20014d90</run_address>
         <size>0xdc</size>
         <input_file_ref idref="fl-ce"/>
      </object_component>
      <object_component id="oc-50a">
         <name>.text:scalbn</name>
         <load_address>0x20014e6c</load_address>
         <run_address>0x20014e6c</run_address>
         <size>0xd0</size>
         <input_file_ref idref="fl-ee"/>
      </object_component>
      <object_component id="oc-409">
         <name>.text:_ltostr</name>
         <load_address>0x20014f3c</load_address>
         <run_address>0x20014f3c</run_address>
         <size>0xb1</size>
         <input_file_ref idref="fl-c8"/>
      </object_component>
      <object_component id="oc-120">
         <name>.text:IntEnable</name>
         <load_address>0x20014ff0</load_address>
         <run_address>0x20014ff0</run_address>
         <size>0xa8</size>
         <input_file_ref idref="fl-10c"/>
      </object_component>
      <object_component id="oc-ef">
         <name>.text:SPIConfigSetExpClk</name>
         <load_address>0x20015098</load_address>
         <run_address>0x20015098</run_address>
         <size>0xa0</size>
         <input_file_ref idref="fl-10f"/>
      </object_component>
      <object_component id="oc-3d">
         <name>.text</name>
         <load_address>0x20015138</load_address>
         <run_address>0x20015138</run_address>
         <size>0x9c</size>
         <input_file_ref idref="fl-d6"/>
      </object_component>
      <object_component id="oc-17a">
         <name>.text</name>
         <load_address>0x200151d4</load_address>
         <run_address>0x200151d4</run_address>
         <size>0x96</size>
         <input_file_ref idref="fl-d8"/>
      </object_component>
      <object_component id="oc-e9">
         <name>.text:PRCMPeripheralClockGet</name>
         <load_address>0x2001526c</load_address>
         <run_address>0x2001526c</run_address>
         <size>0x94</size>
         <input_file_ref idref="fl-10e"/>
      </object_component>
      <object_component id="oc-47a">
         <name>.text:fputc</name>
         <load_address>0x20015300</load_address>
         <run_address>0x20015300</run_address>
         <size>0x8c</size>
         <input_file_ref idref="fl-cb"/>
      </object_component>
      <object_component id="oc-455">
         <name>.text:PinConfigSet</name>
         <load_address>0x2001538c</load_address>
         <run_address>0x2001538c</run_address>
         <size>0x88</size>
         <input_file_ref idref="fl-10d"/>
      </object_component>
      <object_component id="oc-40f">
         <name>.text:__aeabi_cdcmple</name>
         <load_address>0x20015414</load_address>
         <run_address>0x20015414</run_address>
         <size>0x86</size>
         <input_file_ref idref="fl-d0"/>
      </object_component>
      <object_component id="oc-4cf">
         <name>.text:__aeabi_cdrcmple</name>
         <load_address>0x2001549a</load_address>
         <run_address>0x2001549a</run_address>
         <size>0x86</size>
         <input_file_ref idref="fl-d0"/>
      </object_component>
      <object_component id="oc-1a3">
         <name>.text:GPIOIntTypeSet</name>
         <load_address>0x20015520</load_address>
         <run_address>0x20015520</run_address>
         <size>0x82</size>
         <input_file_ref idref="fl-10a"/>
      </object_component>
      <object_component id="oc-c5">
         <name>.text:SPIIntStatus</name>
         <load_address>0x200155a4</load_address>
         <run_address>0x200155a4</run_address>
         <size>0x7c</size>
         <input_file_ref idref="fl-10f"/>
      </object_component>
      <object_component id="oc-8b">
         <name>.text</name>
         <load_address>0x20015620</load_address>
         <run_address>0x20015620</run_address>
         <size>0x7a</size>
         <input_file_ref idref="fl-d7"/>
      </object_component>
      <object_component id="oc-216">
         <name>.text:UARTConfigSetExpClk</name>
         <load_address>0x2001569a</load_address>
         <run_address>0x2001569a</run_address>
         <size>0x76</size>
         <input_file_ref idref="fl-111"/>
      </object_component>
      <object_component id="oc-5f4">
         <name>.text:__TI_closefile</name>
         <load_address>0x20015710</load_address>
         <run_address>0x20015710</run_address>
         <size>0x74</size>
         <input_file_ref idref="fl-102"/>
      </object_component>
      <object_component id="oc-3c3">
         <name>.text:split</name>
         <load_address>0x20015784</load_address>
         <run_address>0x20015784</run_address>
         <size>0x70</size>
         <input_file_ref idref="fl-e5"/>
      </object_component>
      <object_component id="oc-4ef">
         <name>.text:_mcpy</name>
         <load_address>0x200157f4</load_address>
         <run_address>0x200157f4</run_address>
         <size>0x6e</size>
         <input_file_ref idref="fl-c8"/>
      </object_component>
      <object_component id="oc-624">
         <name>.text:HOSTrename</name>
         <load_address>0x20015864</load_address>
         <run_address>0x20015864</run_address>
         <size>0x6c</size>
         <input_file_ref idref="fl-fb"/>
      </object_component>
      <object_component id="oc-618">
         <name>.text:HOSTlseek</name>
         <load_address>0x200158d0</load_address>
         <run_address>0x200158d0</run_address>
         <size>0x68</size>
         <input_file_ref idref="fl-f8"/>
      </object_component>
      <object_component id="oc-15">
         <name>.text:decompress:lzss:__TI_decompress_lzss</name>
         <load_address>0x20015938</load_address>
         <run_address>0x20015938</run_address>
         <size>0x68</size>
         <input_file_ref idref="fl-db"/>
      </object_component>
      <object_component id="oc-197">
         <name>.text:printf</name>
         <load_address>0x200159a0</load_address>
         <run_address>0x200159a0</run_address>
         <size>0x68</size>
         <input_file_ref idref="fl-c7"/>
      </object_component>
      <object_component id="oc-598">
         <name>.text:fseek</name>
         <load_address>0x20015a08</load_address>
         <run_address>0x20015a08</run_address>
         <size>0x64</size>
         <input_file_ref idref="fl-f1"/>
      </object_component>
      <object_component id="oc-53a">
         <name>.text:__TI_wrt_ok</name>
         <load_address>0x20015a6c</load_address>
         <run_address>0x20015a6c</run_address>
         <size>0x62</size>
         <input_file_ref idref="fl-cd"/>
      </object_component>
      <object_component id="oc-600">
         <name>.text:HOSTopen</name>
         <load_address>0x20015ad0</load_address>
         <run_address>0x20015ad0</run_address>
         <size>0x60</size>
         <input_file_ref idref="fl-f9"/>
      </object_component>
      <object_component id="oc-630">
         <name>.text:close</name>
         <load_address>0x20015b30</load_address>
         <run_address>0x20015b30</run_address>
         <size>0x5c</size>
         <input_file_ref idref="fl-108"/>
      </object_component>
      <object_component id="oc-504">
         <name>.text:frexp</name>
         <load_address>0x20015b8c</load_address>
         <run_address>0x20015b8c</run_address>
         <size>0x5c</size>
         <input_file_ref idref="fl-ed"/>
      </object_component>
      <object_component id="oc-60c">
         <name>.text:HOSTread</name>
         <load_address>0x20015be8</load_address>
         <run_address>0x20015be8</run_address>
         <size>0x58</size>
         <input_file_ref idref="fl-fa"/>
      </object_component>
      <object_component id="oc-612">
         <name>.text:HOSTwrite</name>
         <load_address>0x20015c40</load_address>
         <run_address>0x20015c40</run_address>
         <size>0x58</size>
         <input_file_ref idref="fl-fd"/>
      </object_component>
      <object_component id="oc-191">
         <name>.text:PRCMPeripheralReset</name>
         <load_address>0x20015c98</load_address>
         <run_address>0x20015c98</run_address>
         <size>0x58</size>
         <input_file_ref idref="fl-10e"/>
      </object_component>
      <object_component id="oc-41a">
         <name>.text:_pconv_f</name>
         <load_address>0x20015cf0</load_address>
         <run_address>0x20015cf0</run_address>
         <size>0x56</size>
         <input_file_ref idref="fl-c8"/>
      </object_component>
      <object_component id="oc-2c6">
         <name>.text:IntPrioritySet</name>
         <load_address>0x20015d48</load_address>
         <run_address>0x20015d48</run_address>
         <size>0x54</size>
         <input_file_ref idref="fl-10c"/>
      </object_component>
      <object_component id="oc-4d9">
         <name>.text:__TI_ltoa</name>
         <load_address>0x20015d9c</load_address>
         <run_address>0x20015d9c</run_address>
         <size>0x54</size>
         <input_file_ref idref="fl-de"/>
      </object_component>
      <object_component id="oc-4e9">
         <name>.text:_ecpy</name>
         <load_address>0x20015df0</load_address>
         <run_address>0x20015df0</run_address>
         <size>0x52</size>
         <input_file_ref idref="fl-c8"/>
      </object_component>
      <object_component id="oc-101">
         <name>.text:SPIIntEnable</name>
         <load_address>0x20015e44</load_address>
         <run_address>0x20015e44</run_address>
         <size>0x4c</size>
         <input_file_ref idref="fl-10f"/>
      </object_component>
      <object_component id="oc-259">
         <name>.text:SPIIntNumberGet</name>
         <load_address>0x20015e90</load_address>
         <run_address>0x20015e90</run_address>
         <size>0x4c</size>
         <input_file_ref idref="fl-10f"/>
      </object_component>
      <object_component id="oc-546">
         <name>.text:__TI_doflush</name>
         <load_address>0x20015edc</load_address>
         <run_address>0x20015edc</run_address>
         <size>0x4c</size>
         <input_file_ref idref="fl-ef"/>
      </object_component>
      <object_component id="oc-403">
         <name>.text:atoi</name>
         <load_address>0x20015f28</load_address>
         <run_address>0x20015f28</run_address>
         <size>0x4c</size>
         <input_file_ref idref="fl-df"/>
      </object_component>
      <object_component id="oc-34b">
         <name>.text:GPIOGetIntNumber</name>
         <load_address>0x20015f74</load_address>
         <run_address>0x20015f74</run_address>
         <size>0x48</size>
         <input_file_ref idref="fl-10a"/>
      </object_component>
      <object_component id="oc-cb">
         <name>.text:SPIIntClear</name>
         <load_address>0x20015fbc</load_address>
         <run_address>0x20015fbc</run_address>
         <size>0x48</size>
         <input_file_ref idref="fl-10f"/>
      </object_component>
      <object_component id="oc-1ce">
         <name>.text:exit</name>
         <load_address>0x20016004</load_address>
         <run_address>0x20016004</run_address>
         <size>0x48</size>
         <input_file_ref idref="fl-dc"/>
      </object_component>
      <object_component id="oc-4d4">
         <name>.text</name>
         <load_address>0x2001604c</load_address>
         <run_address>0x2001604c</run_address>
         <size>0x48</size>
         <input_file_ref idref="fl-d3"/>
      </object_component>
      <object_component id="oc-606">
         <name>.text:HOSTclose</name>
         <load_address>0x20016094</load_address>
         <run_address>0x20016094</run_address>
         <size>0x44</size>
         <input_file_ref idref="fl-f7"/>
      </object_component>
      <object_component id="oc-61e">
         <name>.text:HOSTunlink</name>
         <load_address>0x200160d8</load_address>
         <run_address>0x200160d8</run_address>
         <size>0x44</size>
         <input_file_ref idref="fl-fc"/>
      </object_component>
      <object_component id="oc-206">
         <name>.text:SPIDmaMaskGet</name>
         <load_address>0x2001611c</load_address>
         <run_address>0x2001611c</run_address>
         <size>0x44</size>
         <input_file_ref idref="fl-10f"/>
      </object_component>
      <object_component id="oc-1d4">
         <name>.text:__TI_auto_init_nobinit_nopinit:__TI_auto_init_nobinit_nopinit</name>
         <load_address>0x20016160</load_address>
         <run_address>0x20016160</run_address>
         <size>0x44</size>
         <input_file_ref idref="fl-f3"/>
      </object_component>
      <object_component id="oc-665">
         <name>.text:getdevice</name>
         <load_address>0x200161a4</load_address>
         <run_address>0x200161a4</run_address>
         <size>0x44</size>
         <input_file_ref idref="fl-103"/>
      </object_component>
      <object_component id="oc-31c">
         <name>.text:PinModeSet</name>
         <load_address>0x200161e8</load_address>
         <run_address>0x200161e8</run_address>
         <size>0x40</size>
         <input_file_ref idref="fl-10d"/>
      </object_component>
      <object_component id="oc-14a">
         <name>.text:sprintf</name>
         <load_address>0x20016228</load_address>
         <run_address>0x20016228</run_address>
         <size>0x40</size>
         <input_file_ref idref="fl-c9"/>
      </object_component>
      <object_component id="oc-222">
         <name>.text:vsnprintf</name>
         <load_address>0x20016268</load_address>
         <run_address>0x20016268</run_address>
         <size>0x40</size>
         <input_file_ref idref="fl-ca"/>
      </object_component>
      <object_component id="oc-4fc">
         <name>.text:_fcpy</name>
         <load_address>0x200162a8</load_address>
         <run_address>0x200162a8</run_address>
         <size>0x3e</size>
         <input_file_ref idref="fl-c8"/>
      </object_component>
      <object_component id="oc-126">
         <name>.text:PRCMPeripheralClkEnable</name>
         <load_address>0x200162e8</load_address>
         <run_address>0x200162e8</run_address>
         <size>0x3c</size>
         <input_file_ref idref="fl-10e"/>
      </object_component>
      <object_component id="oc-641">
         <name>.text:__TI_writemsg</name>
         <load_address>0x20016324</load_address>
         <run_address>0x20016324</run_address>
         <size>0x38</size>
         <input_file_ref idref="fl-fe"/>
      </object_component>
      <object_component id="oc-328">
         <name>.text:GPIODirModeSet</name>
         <load_address>0x2001635c</load_address>
         <run_address>0x2001635c</run_address>
         <size>0x36</size>
         <input_file_ref idref="fl-10a"/>
      </object_component>
      <object_component id="oc-687">
         <name>.text:strncpy</name>
         <load_address>0x20016392</load_address>
         <run_address>0x20016392</run_address>
         <size>0x36</size>
         <input_file_ref idref="fl-106"/>
      </object_component>
      <object_component id="oc-5cb">
         <name>.text:__TI_cleanup</name>
         <load_address>0x200163c8</load_address>
         <run_address>0x200163c8</run_address>
         <size>0x34</size>
         <input_file_ref idref="fl-f0"/>
      </object_component>
      <object_component id="oc-647">
         <name>.text:__TI_readmsg</name>
         <load_address>0x200163fc</load_address>
         <run_address>0x200163fc</run_address>
         <size>0x34</size>
         <input_file_ref idref="fl-fe"/>
      </object_component>
      <object_component id="oc-322">
         <name>.text:PinTypeGPIO</name>
         <load_address>0x20016430</load_address>
         <run_address>0x20016430</run_address>
         <size>0x30</size>
         <input_file_ref idref="fl-10d"/>
      </object_component>
      <object_component id="oc-393">
         <name>.text:UARTDisable</name>
         <load_address>0x20016460</load_address>
         <run_address>0x20016460</run_address>
         <size>0x30</size>
         <input_file_ref idref="fl-111"/>
      </object_component>
      <object_component id="oc-3a1">
         <name>.text:_outs</name>
         <load_address>0x20016490</load_address>
         <run_address>0x20016490</run_address>
         <size>0x30</size>
         <input_file_ref idref="fl-ca"/>
      </object_component>
      <object_component id="oc-68d">
         <name>.text:finddevice</name>
         <load_address>0x200164c0</load_address>
         <run_address>0x200164c0</run_address>
         <size>0x30</size>
         <input_file_ref idref="fl-103"/>
      </object_component>
      <object_component id="oc-4df">
         <name>.text</name>
         <load_address>0x200164f0</load_address>
         <run_address>0x200164f0</run_address>
         <size>0x2e</size>
         <input_file_ref idref="fl-d4"/>
      </object_component>
      <object_component id="oc-2ad">
         <name>.text:PRCMSysResetCauseGet</name>
         <load_address>0x20016520</load_address>
         <run_address>0x20016520</run_address>
         <size>0x2c</size>
         <input_file_ref idref="fl-10e"/>
      </object_component>
      <object_component id="oc-636">
         <name>.text:unlink</name>
         <load_address>0x2001654c</load_address>
         <run_address>0x2001654c</run_address>
         <size>0x2c</size>
         <input_file_ref idref="fl-109"/>
      </object_component>
      <object_component id="oc-d7">
         <name>.text:SPIDataGetNonBlocking</name>
         <load_address>0x20016578</load_address>
         <run_address>0x20016578</run_address>
         <size>0x2a</size>
         <input_file_ref idref="fl-10f"/>
      </object_component>
      <object_component id="oc-2bf">
         <name>.text:PRCMPeripheralClkDisable</name>
         <load_address>0x200165a4</load_address>
         <run_address>0x200165a4</run_address>
         <size>0x28</size>
         <input_file_ref idref="fl-10e"/>
      </object_component>
      <object_component id="oc-3ca">
         <name>.text:free_list_insert</name>
         <load_address>0x200165cc</load_address>
         <run_address>0x200165cc</run_address>
         <size>0x28</size>
         <input_file_ref idref="fl-e5"/>
      </object_component>
      <object_component id="oc-5c3">
         <name>.text:lseek</name>
         <load_address>0x200165f4</load_address>
         <run_address>0x200165f4</run_address>
         <size>0x28</size>
         <input_file_ref idref="fl-100"/>
      </object_component>
      <object_component id="oc-234">
         <name>.text:memmove</name>
         <load_address>0x2001661c</load_address>
         <run_address>0x2001661c</run_address>
         <size>0x28</size>
         <input_file_ref idref="fl-e4"/>
      </object_component>
      <object_component id="oc-54c">
         <name>.text:write</name>
         <load_address>0x20016644</load_address>
         <run_address>0x20016644</run_address>
         <size>0x28</size>
         <input_file_ref idref="fl-e9"/>
      </object_component>
      <object_component id="oc-399">
         <name>.text:UARTEnable</name>
         <load_address>0x2001666c</load_address>
         <run_address>0x2001666c</run_address>
         <size>0x24</size>
         <input_file_ref idref="fl-111"/>
      </object_component>
      <object_component id="oc-5b">
         <name>.text:_c_int00_noargs:_c_int00_noargs</name>
         <load_address>0x20016690</load_address>
         <run_address>0x20016690</run_address>
         <size>0x24</size>
         <input_file_ref idref="fl-e8"/>
      </object_component>
      <object_component id="oc-168">
         <name>.text:GPIOIntStatus</name>
         <load_address>0x200166b4</load_address>
         <run_address>0x200166b4</run_address>
         <size>0x22</size>
         <input_file_ref idref="fl-10a"/>
      </object_component>
      <object_component id="oc-e3">
         <name>.text:SPIReset</name>
         <load_address>0x200166d6</load_address>
         <run_address>0x200166d6</run_address>
         <size>0x22</size>
         <input_file_ref idref="fl-10f"/>
      </object_component>
      <object_component id="oc-2cc">
         <name>.text:GPIOPinWrite</name>
         <load_address>0x200166f8</load_address>
         <run_address>0x200166f8</run_address>
         <size>0x20</size>
         <input_file_ref idref="fl-10a"/>
      </object_component>
      <object_component id="oc-25f">
         <name>.text:IntRegister</name>
         <load_address>0x20016718</load_address>
         <run_address>0x20016718</run_address>
         <size>0x20</size>
         <input_file_ref idref="fl-10c"/>
      </object_component>
      <object_component id="oc-35a">
         <name>.text:SPIDataGet</name>
         <load_address>0x20016738</load_address>
         <run_address>0x20016738</run_address>
         <size>0x20</size>
         <input_file_ref idref="fl-10f"/>
      </object_component>
      <object_component id="oc-540">
         <name>.text:memchr</name>
         <load_address>0x20016758</load_address>
         <run_address>0x20016758</run_address>
         <size>0x20</size>
         <input_file_ref idref="fl-e3"/>
      </object_component>
      <object_component id="oc-19d">
         <name>.text:GPIOIntRegister</name>
         <load_address>0x20016778</load_address>
         <run_address>0x20016778</run_address>
         <size>0x1e</size>
         <input_file_ref idref="fl-10a"/>
      </object_component>
      <object_component id="oc-d1">
         <name>.text:SPIDataPut</name>
         <load_address>0x20016796</load_address>
         <run_address>0x20016796</run_address>
         <size>0x1e</size>
         <input_file_ref idref="fl-10f"/>
      </object_component>
      <object_component id="oc-fb">
         <name>.text:SPIIntRegister</name>
         <load_address>0x200167b4</load_address>
         <run_address>0x200167b4</run_address>
         <size>0x1e</size>
         <input_file_ref idref="fl-10f"/>
      </object_component>
      <object_component id="oc-21c">
         <name>.text:UARTCharPut</name>
         <load_address>0x200167d2</load_address>
         <run_address>0x200167d2</run_address>
         <size>0x1e</size>
         <input_file_ref idref="fl-111"/>
      </object_component>
      <object_component id="oc-156">
         <name>.text:SysTickIntRegister</name>
         <load_address>0x200167f0</load_address>
         <run_address>0x200167f0</run_address>
         <size>0x1c</size>
         <input_file_ref idref="fl-110"/>
      </object_component>
      <object_component id="oc-22e">
         <name>.text:UARTCharGetNonBlocking</name>
         <load_address>0x2001680c</load_address>
         <run_address>0x2001680c</run_address>
         <size>0x1c</size>
         <input_file_ref idref="fl-111"/>
      </object_component>
      <object_component id="oc-49">
         <name>.text:decompress:ZI:__TI_zero_init_nomemset:__TI_zero_init_nomemset</name>
         <load_address>0x20016828</load_address>
         <run_address>0x20016828</run_address>
         <size>0x1c</size>
         <input_file_ref idref="fl-d9"/>
      </object_component>
      <object_component id="oc-3bd">
         <name>.text:free_list_remove</name>
         <load_address>0x20016844</load_address>
         <run_address>0x20016844</run_address>
         <size>0x1c</size>
         <input_file_ref idref="fl-e5"/>
      </object_component>
      <object_component id="oc-42c">
         <name>.text:memccpy</name>
         <load_address>0x20016860</load_address>
         <run_address>0x20016860</run_address>
         <size>0x1c</size>
         <input_file_ref idref="fl-e2"/>
      </object_component>
      <object_component id="oc-1af">
         <name>.text:GPIOIntEnable</name>
         <load_address>0x2001687c</load_address>
         <run_address>0x2001687c</run_address>
         <size>0x1a</size>
         <input_file_ref idref="fl-10a"/>
      </object_component>
      <object_component id="oc-32e">
         <name>.text:PinTypeUART</name>
         <load_address>0x20016896</load_address>
         <run_address>0x20016896</run_address>
         <size>0x1a</size>
         <input_file_ref idref="fl-10d"/>
      </object_component>
      <object_component id="oc-2d8">
         <name>.text:GPIOPinRead</name>
         <load_address>0x200168b0</load_address>
         <run_address>0x200168b0</run_address>
         <size>0x18</size>
         <input_file_ref idref="fl-10a"/>
      </object_component>
      <object_component id="oc-360">
         <name>.text:SPICSDisable</name>
         <load_address>0x200168c8</load_address>
         <run_address>0x200168c8</run_address>
         <size>0x18</size>
         <input_file_ref idref="fl-10f"/>
      </object_component>
      <object_component id="oc-354">
         <name>.text:SPICSEnable</name>
         <load_address>0x200168e0</load_address>
         <run_address>0x200168e0</run_address>
         <size>0x18</size>
         <input_file_ref idref="fl-10f"/>
      </object_component>
      <object_component id="oc-f5">
         <name>.text:SPIEnable</name>
         <load_address>0x200168f8</load_address>
         <run_address>0x200168f8</run_address>
         <size>0x18</size>
         <input_file_ref idref="fl-10f"/>
      </object_component>
      <object_component id="oc-150">
         <name>.text:SysTickPeriodSet</name>
         <load_address>0x20016910</load_address>
         <run_address>0x20016910</run_address>
         <size>0x18</size>
         <input_file_ref idref="fl-110"/>
      </object_component>
      <object_component id="oc-228">
         <name>.text:UARTCharsAvail</name>
         <load_address>0x20016928</load_address>
         <run_address>0x20016928</run_address>
         <size>0x18</size>
         <input_file_ref idref="fl-111"/>
      </object_component>
      <object_component id="oc-3a7">
         <name>.text:_outc</name>
         <load_address>0x20016940</load_address>
         <run_address>0x20016940</run_address>
         <size>0x18</size>
         <input_file_ref idref="fl-ca"/>
      </object_component>
      <object_component id="oc-2fb">
         <name>.text:_outs</name>
         <load_address>0x20016958</load_address>
         <run_address>0x20016958</run_address>
         <size>0x18</size>
         <input_file_ref idref="fl-c9"/>
      </object_component>
      <object_component id="oc-17f">
         <name>.text</name>
         <load_address>0x20016970</load_address>
         <run_address>0x20016970</run_address>
         <size>0x18</size>
         <input_file_ref idref="fl-d5"/>
      </object_component>
      <object_component id="oc-6a4">
         <name>.text:strcmp</name>
         <load_address>0x20016988</load_address>
         <run_address>0x20016988</run_address>
         <size>0x18</size>
         <input_file_ref idref="fl-104"/>
      </object_component>
      <object_component id="oc-2b3">
         <name>.text:PRCMHIBRegRead</name>
         <load_address>0x200169a0</load_address>
         <run_address>0x200169a0</run_address>
         <size>0x16</size>
         <input_file_ref idref="fl-10e"/>
      </object_component>
      <object_component id="oc-2b9">
         <name>.text:PRCMHIBRegWrite</name>
         <load_address>0x200169b6</load_address>
         <run_address>0x200169b6</run_address>
         <size>0x16</size>
         <input_file_ref idref="fl-10e"/>
      </object_component>
      <object_component id="oc-510">
         <name>.text:strchr</name>
         <load_address>0x200169cc</load_address>
         <run_address>0x200169cc</run_address>
         <size>0x16</size>
         <input_file_ref idref="fl-e6"/>
      </object_component>
      <object_component id="oc-29e">
         <name>.text:CPUcpsie</name>
         <load_address>0x200169e2</load_address>
         <run_address>0x200169e2</run_address>
         <size>0x14</size>
         <input_file_ref idref="fl-113"/>
      </object_component>
      <object_component id="oc-16e">
         <name>.text:GPIOIntClear</name>
         <load_address>0x200169f6</load_address>
         <run_address>0x200169f6</run_address>
         <size>0x14</size>
         <input_file_ref idref="fl-10a"/>
      </object_component>
      <object_component id="oc-114">
         <name>.text:IntVTableBaseSet</name>
         <load_address>0x20016a0c</load_address>
         <run_address>0x20016a0c</run_address>
         <size>0x14</size>
         <input_file_ref idref="fl-10c"/>
      </object_component>
      <object_component id="oc-65b">
         <name>.text:strcpy</name>
         <load_address>0x20016a20</load_address>
         <run_address>0x20016a20</run_address>
         <size>0x14</size>
         <input_file_ref idref="fl-105"/>
      </object_component>
      <object_component id="oc-138">
         <name>.text:strlen</name>
         <load_address>0x20016a34</load_address>
         <run_address>0x20016a34</run_address>
         <size>0x14</size>
         <input_file_ref idref="fl-e7"/>
      </object_component>
      <object_component id="oc-432">
         <name>.text:wcslen</name>
         <load_address>0x20016a48</load_address>
         <run_address>0x20016a48</run_address>
         <size>0x12</size>
         <input_file_ref idref="fl-ec"/>
      </object_component>
      <object_component id="oc-162">
         <name>.text:SysTickEnable</name>
         <load_address>0x20016a5c</load_address>
         <run_address>0x20016a5c</run_address>
         <size>0x10</size>
         <input_file_ref idref="fl-110"/>
      </object_component>
      <object_component id="oc-15c">
         <name>.text:SysTickIntEnable</name>
         <load_address>0x20016a6c</load_address>
         <run_address>0x20016a6c</run_address>
         <size>0x10</size>
         <input_file_ref idref="fl-110"/>
      </object_component>
      <object_component id="oc-1b">
         <name>.text:decompress:none:__TI_decompress_none</name>
         <load_address>0x20016a7c</load_address>
         <run_address>0x20016a7c</run_address>
         <size>0xe</size>
         <input_file_ref idref="fl-da"/>
      </object_component>
      <object_component id="oc-29">
         <name>.text</name>
         <load_address>0x20016a8a</load_address>
         <run_address>0x20016a8a</run_address>
         <size>0xe</size>
         <input_file_ref idref="fl-9"/>
      </object_component>
      <object_component id="oc-174">
         <name>.text:SysTickValueGet</name>
         <load_address>0x20016a98</load_address>
         <run_address>0x20016a98</run_address>
         <size>0xc</size>
         <input_file_ref idref="fl-110"/>
      </object_component>
      <object_component id="oc-57a">
         <name>.text:copysign</name>
         <load_address>0x20016aa4</load_address>
         <run_address>0x20016aa4</run_address>
         <size>0xc</size>
         <input_file_ref idref="fl-101"/>
      </object_component>
      <object_component id="oc-11a">
         <name>.text:IntMasterEnable</name>
         <load_address>0x20016ab0</load_address>
         <run_address>0x20016ab0</run_address>
         <size>0xa</size>
         <input_file_ref idref="fl-10c"/>
      </object_component>
      <object_component id="oc-301">
         <name>.text:_outc</name>
         <load_address>0x20016aba</load_address>
         <run_address>0x20016aba</run_address>
         <size>0xa</size>
         <input_file_ref idref="fl-c9"/>
      </object_component>
      <object_component id="oc-438">
         <name>.text:__aeabi_errno_addr</name>
         <load_address>0x20016ac4</load_address>
         <run_address>0x20016ac4</run_address>
         <size>0x8</size>
         <input_file_ref idref="fl-eb"/>
      </object_component>
      <object_component id="oc-144">
         <name>.text:malloc</name>
         <load_address>0x20016acc</load_address>
         <run_address>0x20016acc</run_address>
         <size>0x8</size>
         <input_file_ref idref="fl-e5"/>
      </object_component>
      <object_component id="oc-3e7">
         <name>.text:UtilsDelay</name>
         <load_address>0x20016ad4</load_address>
         <run_address>0x20016ad4</run_address>
         <size>0x6</size>
         <input_file_ref idref="fl-112"/>
      </object_component>
      <object_component id="oc-343">
         <name>.text:_outc</name>
         <load_address>0x20016ada</load_address>
         <run_address>0x20016ada</run_address>
         <size>0x4</size>
         <input_file_ref idref="fl-c7"/>
      </object_component>
      <object_component id="oc-33d">
         <name>.text:_outs</name>
         <load_address>0x20016ade</load_address>
         <run_address>0x20016ade</run_address>
         <size>0x4</size>
         <input_file_ref idref="fl-c7"/>
      </object_component>
      <object_component id="oc-91">
         <name>.text:_system_pre_init</name>
         <load_address>0x20016ae2</load_address>
         <run_address>0x20016ae2</run_address>
         <size>0x4</size>
         <input_file_ref idref="fl-f4"/>
      </object_component>
      <object_component id="oc-1c8">
         <name>.text:abort:abort</name>
         <load_address>0x20016ae6</load_address>
         <run_address>0x20016ae6</run_address>
         <size>0x4</size>
         <input_file_ref idref="fl-dc"/>
      </object_component>
      <object_component id="oc-1b5">
         <name>.const:$P$T0$5</name>
         <load_address>0x20004400</load_address>
         <run_address>0x20004400</run_address>
         <size>0xc024</size>
         <input_file_ref idref="fl-6"/>
      </object_component>
      <object_component id="oc-2e6">
         <name>.const:.string:font</name>
         <load_address>0x20010424</load_address>
         <run_address>0x20010424</run_address>
         <size>0x4fb</size>
         <input_file_ref idref="fl-2"/>
      </object_component>
      <object_component id="oc-4be">
         <name>.const:.string:_ctypes_</name>
         <load_address>0x2001091f</load_address>
         <run_address>0x2001091f</run_address>
         <size>0x101</size>
         <input_file_ref idref="fl-e0"/>
      </object_component>
      <object_component id="oc-451">
         <name>.const:g_ulPinToPadMap</name>
         <load_address>0x20010a20</load_address>
         <run_address>0x20010a20</run_address>
         <size>0x100</size>
         <input_file_ref idref="fl-10d"/>
      </object_component>
      <object_component id="oc-3eb">
         <name>.const:g_pulRegs</name>
         <load_address>0x20010b20</load_address>
         <run_address>0x20010b20</run_address>
         <size>0xd4</size>
         <input_file_ref idref="fl-10c"/>
      </object_component>
      <object_component id="oc-2a9">
         <name>.const:PRCM_PeriphRegsList</name>
         <load_address>0x20010bf4</load_address>
         <run_address>0x20010bf4</run_address>
         <size>0xa8</size>
         <input_file_ref idref="fl-10e"/>
      </object_component>
      <object_component id="oc-267">
         <name>.const:.string</name>
         <load_address>0x20010c9c</load_address>
         <run_address>0x20010c9c</run_address>
         <size>0x30</size>
         <input_file_ref idref="fl-6"/>
      </object_component>
      <object_component id="oc-3d6">
         <name>.const:g_ppulSPIIntMap</name>
         <load_address>0x20010ccc</load_address>
         <run_address>0x20010ccc</run_address>
         <size>0x24</size>
         <input_file_ref idref="fl-10f"/>
      </object_component>
      <object_component id="oc-2a5">
         <name>.const:g_pulEnRegs</name>
         <load_address>0x20010cf0</load_address>
         <run_address>0x20010cf0</run_address>
         <size>0x18</size>
         <input_file_ref idref="fl-10c"/>
      </object_component>
      <object_component id="oc-38d">
         <name>.const:g_ulSPIDmaMaskMap</name>
         <load_address>0x20010d08</load_address>
         <run_address>0x20010d08</run_address>
         <size>0x18</size>
         <input_file_ref idref="fl-10f"/>
      </object_component>
      <object_component id="oc-6de">
         <name>.cinit..data.load</name>
         <load_address>0x20016af0</load_address>
         <run_address>0x20016af0</run_address>
         <size>0xa9</size>
      </object_component>
      <object_component id="oc-6dc">
         <name>__TI_handler_table</name>
         <load_address>0x20016b9c</load_address>
         <run_address>0x20016b9c</run_address>
         <size>0xc</size>
      </object_component>
      <object_component id="oc-6df">
         <name>.cinit..bss.load</name>
         <load_address>0x20016ba8</load_address>
         <run_address>0x20016ba8</run_address>
         <size>0x8</size>
      </object_component>
      <object_component id="oc-6dd">
         <name>__TI_cinit_table</name>
         <load_address>0x20016bb0</load_address>
         <run_address>0x20016bb0</run_address>
         <size>0x10</size>
      </object_component>
      <object_component id="oc-2e9">
         <name>.data</name>
         <load_address>0x2001f214</load_address>
         <run_address>0x2001f214</run_address>
         <size>0x15</size>
         <input_file_ref idref="fl-2"/>
      </object_component>
      <object_component id="oc-2e0">
         <name>.data:ulReg</name>
         <load_address>0x2001f22c</load_address>
         <run_address>0x2001f22c</run_address>
         <size>0x14</size>
         <input_file_ref idref="fl-4"/>
      </object_component>
      <object_component id="oc-2d2">
         <name>.data</name>
         <load_address>0x2001f268</load_address>
         <run_address>0x2001f268</run_address>
         <size>0xc</size>
         <input_file_ref idref="fl-4"/>
      </object_component>
      <object_component id="oc-107">
         <name>.data</name>
         <load_address>0x2001f168</load_address>
         <run_address>0x2001f168</run_address>
         <size>0x5c</size>
         <input_file_ref idref="fl-6"/>
      </object_component>
      <object_component id="oc-188">
         <name>.data:ir_code</name>
         <load_address>0x2001f288</load_address>
         <run_address>0x2001f288</run_address>
         <size>0x4</size>
         <input_file_ref idref="fl-6"/>
      </object_component>
      <object_component id="oc-184">
         <name>.data:button</name>
         <load_address>0x2001f25c</load_address>
         <run_address>0x2001f25c</run_address>
         <size>0xc</size>
         <input_file_ref idref="fl-6"/>
      </object_component>
      <object_component id="oc-187">
         <name>.data:data$3</name>
         <load_address>0x2001f284</load_address>
         <run_address>0x2001f284</run_address>
         <size>0x4</size>
         <input_file_ref idref="fl-6"/>
      </object_component>
      <object_component id="oc-371">
         <name>.data:$O1$$</name>
         <load_address>0x2001f250</load_address>
         <run_address>0x2001f250</run_address>
         <size>0xc</size>
         <input_file_ref idref="fl-dc"/>
      </object_component>
      <object_component id="oc-337">
         <name>.data:$O1$$</name>
         <load_address>0x2001f274</load_address>
         <run_address>0x2001f274</run_address>
         <size>0x8</size>
         <input_file_ref idref="fl-dd"/>
      </object_component>
      <object_component id="oc-33a">
         <name>.data:_ftable</name>
         <load_address>0x2001f000</load_address>
         <run_address>0x2001f000</run_address>
         <size>0xf0</size>
         <input_file_ref idref="fl-e1"/>
      </object_component>
      <object_component id="oc-5fa">
         <name>.data</name>
         <load_address>0x2001f240</load_address>
         <run_address>0x2001f240</run_address>
         <size>0x10</size>
         <input_file_ref idref="fl-e1"/>
      </object_component>
      <object_component id="oc-3ff">
         <name>.data:$O1$$</name>
         <load_address>0x2001f27c</load_address>
         <run_address>0x2001f27c</run_address>
         <size>0x8</size>
         <input_file_ref idref="fl-e5"/>
      </object_component>
      <object_component id="oc-5de">
         <name>.data:_device</name>
         <load_address>0x2001f0f0</load_address>
         <run_address>0x2001f0f0</run_address>
         <size>0x78</size>
         <input_file_ref idref="fl-ea"/>
      </object_component>
      <object_component id="oc-5aa">
         <name>.data:_stream</name>
         <load_address>0x2001f1c4</load_address>
         <run_address>0x2001f1c4</run_address>
         <size>0x50</size>
         <input_file_ref idref="fl-ea"/>
      </object_component>
      <object_component id="oc-520">
         <name>.data</name>
         <load_address>0x2001f28c</load_address>
         <run_address>0x2001f28c</run_address>
         <size>0x4</size>
         <input_file_ref idref="fl-eb"/>
      </object_component>
      <object_component id="oc-10a">
         <name>.bss:g_ucTxBuff</name>
         <uninitialized>true</uninitialized>
         <run_address>0x2001f450</run_address>
         <size>0x64</size>
         <input_file_ref idref="fl-6"/>
      </object_component>
      <object_component id="oc-10d">
         <name>.bss</name>
         <uninitialized>true</uninitialized>
         <run_address>0x2001f4ec</run_address>
         <size>0x2</size>
         <input_file_ref idref="fl-6"/>
      </object_component>
      <object_component id="oc-246">
         <name>.bss</name>
         <uninitialized>true</uninitialized>
         <run_address>0x2001f4e8</run_address>
         <size>0x4</size>
         <input_file_ref idref="fl-b"/>
      </object_component>
      <object_component id="oc-66f">
         <name>.bss:_CIOBUF_</name>
         <uninitialized>true</uninitialized>
         <run_address>0x2001f290</run_address>
         <size>0x120</size>
         <input_file_ref idref="fl-fe"/>
      </object_component>
      <object_component id="oc-2d5">
         <name>.common:g_ucLED1Pin</name>
         <uninitialized>true</uninitialized>
         <run_address>0x2001f4ee</run_address>
         <size>0x1</size>
      </object_component>
      <object_component id="oc-2de">
         <name>.common:g_ucLED2Pin</name>
         <uninitialized>true</uninitialized>
         <run_address>0x2001f4ef</run_address>
         <size>0x1</size>
      </object_component>
      <object_component id="oc-2df">
         <name>.common:g_ucLED3Pin</name>
         <uninitialized>true</uninitialized>
         <run_address>0x2001f4f0</run_address>
         <size>0x1</size>
      </object_component>
      <object_component id="oc-110">
         <name>.common:g_ucConnectionSSID</name>
         <uninitialized>true</uninitialized>
         <run_address>0x2001f4b4</run_address>
         <size>0x24</size>
      </object_component>
      <object_component id="oc-113">
         <name>.common:g_ucConnectionBSSID</name>
         <uninitialized>true</uninitialized>
         <run_address>0x2001f4d8</run_address>
         <size>0x8</size>
      </object_component>
      <object_component id="oc-63c">
         <name>.common:__TI_tmpnams</name>
         <uninitialized>true</uninitialized>
         <run_address>0x2001f3b0</run_address>
         <size>0xa0</size>
      </object_component>
      <object_component id="oc-64d">
         <name>.common:parmbuf</name>
         <uninitialized>true</uninitialized>
         <run_address>0x2001f4e0</run_address>
         <size>0x8</size>
      </object_component>
      <object_component id="oc-23">
         <name>.sysmem</name>
         <uninitialized>true</uninitialized>
         <run_address>0x20017000</run_address>
         <size>0x10</size>
         <input_file_ref idref="fl-e5"/>
      </object_component>
      <object_component id="oc-6e2">
         <name>.sysmem</name>
         <uninitialized>true</uninitialized>
         <run_address>0x20017000</run_address>
         <size>0x0</size>
      </object_component>
      <object_component id="oc-26">
         <name>.stack</name>
         <uninitialized>true</uninitialized>
         <run_address>0x2002f000</run_address>
         <size>0x4</size>
         <input_file_ref idref="fl-e8"/>
      </object_component>
      <object_component id="oc-6e1">
         <name>.stack</name>
         <uninitialized>true</uninitialized>
         <run_address>0x2002f000</run_address>
         <size>0x0</size>
      </object_component>
      <object_component id="oc-2ed">
         <name>.debug_info</name>
         <load_address>0x0</load_address>
         <run_address>0x0</run_address>
         <size>0x235</size>
         <input_file_ref idref="fl-2"/>
      </object_component>
      <object_component id="oc-2e7">
         <name>.debug_info</name>
         <load_address>0x235</load_address>
         <run_address>0x235</run_address>
         <size>0xe1</size>
         <input_file_ref idref="fl-2"/>
      </object_component>
      <object_component id="oc-2ea">
         <name>.debug_info</name>
         <load_address>0x316</load_address>
         <run_address>0x316</run_address>
         <size>0x18f</size>
         <input_file_ref idref="fl-2"/>
      </object_component>
      <object_component id="oc-142">
         <name>.debug_info</name>
         <load_address>0x4a5</load_address>
         <run_address>0x4a5</run_address>
         <size>0x16ad</size>
         <input_file_ref idref="fl-2"/>
      </object_component>
      <object_component id="oc-38">
         <name>.debug_info</name>
         <load_address>0x1b52</load_address>
         <run_address>0x1b52</run_address>
         <size>0x84</size>
         <input_file_ref idref="fl-2"/>
      </object_component>
      <object_component id="oc-367">
         <name>.debug_info</name>
         <load_address>0x1bd6</load_address>
         <run_address>0x1bd6</run_address>
         <size>0x26e</size>
         <input_file_ref idref="fl-3"/>
      </object_component>
      <object_component id="oc-1ab">
         <name>.debug_info</name>
         <load_address>0x1e44</load_address>
         <run_address>0x1e44</run_address>
         <size>0xe73</size>
         <input_file_ref idref="fl-3"/>
      </object_component>
      <object_component id="oc-28e">
         <name>.debug_info</name>
         <load_address>0x2cb7</load_address>
         <run_address>0x2cb7</run_address>
         <size>0x26b</size>
         <input_file_ref idref="fl-3"/>
      </object_component>
      <object_component id="oc-460">
         <name>.debug_info</name>
         <load_address>0x2f22</load_address>
         <run_address>0x2f22</run_address>
         <size>0x62</size>
         <input_file_ref idref="fl-3"/>
      </object_component>
      <object_component id="oc-36b">
         <name>.debug_info</name>
         <load_address>0x2f84</load_address>
         <run_address>0x2f84</run_address>
         <size>0x2a4</size>
         <input_file_ref idref="fl-3"/>
      </object_component>
      <object_component id="oc-1be">
         <name>.debug_info</name>
         <load_address>0x3228</load_address>
         <run_address>0x3228</run_address>
         <size>0xbb</size>
         <input_file_ref idref="fl-3"/>
      </object_component>
      <object_component id="oc-20d">
         <name>.debug_info</name>
         <load_address>0x32e3</load_address>
         <run_address>0x32e3</run_address>
         <size>0x2c</size>
         <input_file_ref idref="fl-3"/>
      </object_component>
      <object_component id="oc-bc">
         <name>.debug_info</name>
         <load_address>0x330f</load_address>
         <run_address>0x330f</run_address>
         <size>0x2c</size>
         <input_file_ref idref="fl-3"/>
      </object_component>
      <object_component id="oc-24b">
         <name>.debug_info</name>
         <load_address>0x333b</load_address>
         <run_address>0x333b</run_address>
         <size>0x2c</size>
         <input_file_ref idref="fl-3"/>
      </object_component>
      <object_component id="oc-293">
         <name>.debug_info</name>
         <load_address>0x3367</load_address>
         <run_address>0x3367</run_address>
         <size>0x35</size>
         <input_file_ref idref="fl-3"/>
      </object_component>
      <object_component id="oc-2d6">
         <name>.debug_info</name>
         <load_address>0x339c</load_address>
         <run_address>0x339c</run_address>
         <size>0x36b</size>
         <input_file_ref idref="fl-4"/>
      </object_component>
      <object_component id="oc-2e1">
         <name>.debug_info</name>
         <load_address>0x3707</load_address>
         <run_address>0x3707</run_address>
         <size>0x10b</size>
         <input_file_ref idref="fl-4"/>
      </object_component>
      <object_component id="oc-2d3">
         <name>.debug_info</name>
         <load_address>0x3812</load_address>
         <run_address>0x3812</run_address>
         <size>0x16c</size>
         <input_file_ref idref="fl-4"/>
      </object_component>
      <object_component id="oc-135">
         <name>.debug_info</name>
         <load_address>0x397e</load_address>
         <run_address>0x397e</run_address>
         <size>0xf10</size>
         <input_file_ref idref="fl-4"/>
      </object_component>
      <object_component id="oc-298">
         <name>.debug_info</name>
         <load_address>0x488e</load_address>
         <run_address>0x488e</run_address>
         <size>0xcc</size>
         <input_file_ref idref="fl-4"/>
      </object_component>
      <object_component id="oc-3d5">
         <name>.debug_info</name>
         <load_address>0x495a</load_address>
         <run_address>0x495a</run_address>
         <size>0x4c1</size>
         <input_file_ref idref="fl-5"/>
      </object_component>
      <object_component id="oc-250">
         <name>.debug_info</name>
         <load_address>0x4e1b</load_address>
         <run_address>0x4e1b</run_address>
         <size>0x110</size>
         <input_file_ref idref="fl-5"/>
      </object_component>
      <object_component id="oc-1b9">
         <name>.debug_info</name>
         <load_address>0x4f2b</load_address>
         <run_address>0x4f2b</run_address>
         <size>0x8b</size>
         <input_file_ref idref="fl-5"/>
      </object_component>
      <object_component id="oc-111">
         <name>.debug_info</name>
         <load_address>0x4fb6</load_address>
         <run_address>0x4fb6</run_address>
         <size>0xdef</size>
         <input_file_ref idref="fl-6"/>
      </object_component>
      <object_component id="oc-108">
         <name>.debug_info</name>
         <load_address>0x5da5</load_address>
         <run_address>0x5da5</run_address>
         <size>0x398</size>
         <input_file_ref idref="fl-6"/>
      </object_component>
      <object_component id="oc-189">
         <name>.debug_info</name>
         <load_address>0x613d</load_address>
         <run_address>0x613d</run_address>
         <size>0xe0</size>
         <input_file_ref idref="fl-6"/>
      </object_component>
      <object_component id="oc-10b">
         <name>.debug_info</name>
         <load_address>0x621d</load_address>
         <run_address>0x621d</run_address>
         <size>0xe5</size>
         <input_file_ref idref="fl-6"/>
      </object_component>
      <object_component id="oc-10e">
[...]
         <value>0x2001f258</value>
         <object_component_ref idref="oc-371"/>
      </symbol>
      <symbol id="sm-6ca">
         <name>exit</name>
         <value>0x20016005</value>
         <object_component_ref idref="oc-1ce"/>
      </symbol>
      <symbol id="sm-6df">
         <name>_nop</name>
         <value>0x200131f7</value>
         <object_component_ref idref="oc-465"/>
      </symbol>
      <symbol id="sm-6e0">
         <name>_lock</name>
         <value>0x2001f274</value>
         <object_component_ref idref="oc-337"/>
      </symbol>
      <symbol id="sm-6e1">
         <name>_unlock</name>
         <value>0x2001f278</value>
         <object_component_ref idref="oc-337"/>
      </symbol>
      <symbol id="sm-6f0">
         <name>__TI_ltoa</name>
         <value>0x20015d9d</value>
         <object_component_ref idref="oc-4d9"/>
      </symbol>
      <symbol id="sm-706">
         <name>atoi</name>
         <value>0x20015f29</value>
         <object_component_ref idref="oc-403"/>
      </symbol>
      <symbol id="sm-711">
         <name>_ctypes_</name>
         <value>0x2001091f</value>
         <object_component_ref idref="oc-4be"/>
      </symbol>
      <symbol id="sm-726">
         <name>__TI_tmpnams</name>
         <value>0x2001f3b0</value>
      </symbol>
      <symbol id="sm-727">
         <name>__aeabi_stdout</name>
         <value>0x2001f248</value>
         <object_component_ref idref="oc-5fa"/>
      </symbol>
      <symbol id="sm-728">
         <name>__aeabi_stderr</name>
         <value>0x2001f24c</value>
         <object_component_ref idref="oc-5fa"/>
      </symbol>
      <symbol id="sm-729">
         <name>__aeabi_stdin</name>
         <value>0x2001f244</value>
         <object_component_ref idref="oc-5fa"/>
      </symbol>
      <symbol id="sm-72a">
         <name>_ftable</name>
         <value>0x2001f000</value>
         <object_component_ref idref="oc-33a"/>
      </symbol>
      <symbol id="sm-72b">
         <name>__TI_ft_end</name>
         <value>0x2001f240</value>
         <object_component_ref idref="oc-5fa"/>
      </symbol>
      <symbol id="sm-73b">
         <name>memccpy</name>
         <value>0x20016861</value>
         <object_component_ref idref="oc-42c"/>
      </symbol>
      <symbol id="sm-74b">
         <name>memchr</name>
         <value>0x20016759</value>
         <object_component_ref idref="oc-540"/>
      </symbol>
      <symbol id="sm-75c">
         <name>memmove</name>
         <value>0x2001661d</value>
         <object_component_ref idref="oc-234"/>
      </symbol>
      <symbol id="sm-7fa">
         <name>_sys_memory</name>
         <value>0x20017000</value>
         <object_component_ref idref="oc-23"/>
      </symbol>
      <symbol id="sm-7fb">
         <name>free</name>
         <value>0x20014bc9</value>
         <object_component_ref idref="oc-240"/>
      </symbol>
      <symbol id="sm-7fc">
         <name>realloc</name>
         <value>0x20014cad</value>
         <object_component_ref idref="oc-23a"/>
      </symbol>
      <symbol id="sm-7fd">
         <name>memalign</name>
         <value>0x200149cd</value>
         <object_component_ref idref="oc-2ee"/>
      </symbol>
      <symbol id="sm-7fe">
         <name>malloc</name>
         <value>0x20016acd</value>
         <object_component_ref idref="oc-144"/>
      </symbol>
      <symbol id="sm-7ff">
         <name>aligned_alloc</name>
         <value>0x200149cd</value>
         <object_component_ref idref="oc-2ee"/>
      </symbol>
      <symbol id="sm-80f">
         <name>strchr</name>
         <value>0x200169cd</value>
         <object_component_ref idref="oc-510"/>
      </symbol>
      <symbol id="sm-81d">
         <name>strlen</name>
         <value>0x20016a35</value>
         <object_component_ref idref="oc-138"/>
      </symbol>
      <symbol id="sm-82f">
         <name>__stack</name>
         <value>0x2002f000</value>
         <object_component_ref idref="oc-26"/>
      </symbol>
      <symbol id="sm-830">
         <name>_c_int00_noargs</name>
         <value>0x20016691</value>
         <object_component_ref idref="oc-5b"/>
      </symbol>
      <symbol id="sm-84a">
         <name>write</name>
         <value>0x20016645</value>
         <object_component_ref idref="oc-54c"/>
      </symbol>
      <symbol id="sm-85b">
         <name>_stream</name>
         <value>0x2001f1c4</value>
         <object_component_ref idref="oc-5aa"/>
      </symbol>
      <symbol id="sm-85c">
         <name>_device</name>
         <value>0x2001f0f0</value>
         <object_component_ref idref="oc-5de"/>
      </symbol>
      <symbol id="sm-872">
         <name>__aeabi_errno_addr</name>
         <value>0x20016ac5</value>
         <object_component_ref idref="oc-438"/>
      </symbol>
      <symbol id="sm-873">
         <name>errno</name>
         <value>0x2001f28c</value>
         <object_component_ref idref="oc-520"/>
      </symbol>
      <symbol id="sm-88c">
         <name>wcslen</name>
         <value>0x20016a49</value>
         <object_component_ref idref="oc-432"/>
      </symbol>
      <symbol id="sm-8ac">
         <name>frexpl</name>
         <value>0x20015b8d</value>
         <object_component_ref idref="oc-504"/>
      </symbol>
      <symbol id="sm-8ad">
         <name>frexp</name>
         <value>0x20015b8d</value>
         <object_component_ref idref="oc-504"/>
      </symbol>
      <symbol id="sm-8cb">
         <name>scalbn</name>
         <value>0x20014e6d</value>
         <object_component_ref idref="oc-50a"/>
      </symbol>
      <symbol id="sm-8cc">
         <name>scalbnl</name>
         <value>0x20014e6d</value>
         <object_component_ref idref="oc-50a"/>
      </symbol>
      <symbol id="sm-8cd">
         <name>ldexpl</name>
         <value>0x20014e6d</value>
         <object_component_ref idref="oc-50a"/>
      </symbol>
      <symbol id="sm-8ce">
         <name>ldexp</name>
         <value>0x20014e6d</value>
         <object_component_ref idref="oc-50a"/>
      </symbol>
      <symbol id="sm-8de">
         <name>__TI_doflush</name>
         <value>0x20015edd</value>
         <object_component_ref idref="oc-546"/>
      </symbol>
      <symbol id="sm-8ee">
         <name>__TI_cleanup</name>
         <value>0x200163c9</value>
         <object_component_ref idref="oc-5cb"/>
      </symbol>
      <symbol id="sm-900">
         <name>fseek</name>
         <value>0x20015a09</value>
         <object_component_ref idref="oc-598"/>
      </symbol>
      <symbol id="sm-90a">
         <name>__aeabi_idiv0</name>
         <value>0x200142a3</value>
         <object_component_ref idref="oc-311"/>
      </symbol>
      <symbol id="sm-90b">
         <name>__aeabi_ldiv0</name>
         <value>0x200142a3</value>
         <object_component_ref idref="oc-311"/>
      </symbol>
      <symbol id="sm-933">
         <name>__TI_auto_init_nobinit_nopinit</name>
         <value>0x20016161</value>
         <object_component_ref idref="oc-1d4"/>
      </symbol>
      <symbol id="sm-93d">
         <name>_system_pre_init</name>
         <value>0x20016ae3</value>
         <object_component_ref idref="oc-91"/>
      </symbol>
      <symbol id="sm-950">
         <name>HOSTclose</name>
         <value>0x20016095</value>
         <object_component_ref idref="oc-606"/>
      </symbol>
      <symbol id="sm-961">
         <name>HOSTlseek</name>
         <value>0x200158d1</value>
         <object_component_ref idref="oc-618"/>
      </symbol>
      <symbol id="sm-973">
         <name>parmbuf</name>
         <value>0x2001f4e0</value>
      </symbol>
      <symbol id="sm-974">
         <name>HOSTopen</name>
         <value>0x20015ad1</value>
         <object_component_ref idref="oc-600"/>
      </symbol>
      <symbol id="sm-985">
         <name>HOSTread</name>
         <value>0x20015be9</value>
         <object_component_ref idref="oc-60c"/>
      </symbol>
      <symbol id="sm-996">
         <name>HOSTrename</name>
         <value>0x20015865</value>
         <object_component_ref idref="oc-624"/>
      </symbol>
      <symbol id="sm-9a7">
         <name>HOSTunlink</name>
         <value>0x200160d9</value>
         <object_component_ref idref="oc-61e"/>
      </symbol>
      <symbol id="sm-9b8">
         <name>HOSTwrite</name>
         <value>0x20015c41</value>
         <object_component_ref idref="oc-612"/>
      </symbol>
      <symbol id="sm-9dc">
         <name>__TI_readmsg</name>
         <value>0x200163fd</value>
         <object_component_ref idref="oc-647"/>
      </symbol>
      <symbol id="sm-9dd">
         <name>C$$IO$$</name>
         <value>0x20016353</value>
         <object_component_ref idref="oc-641"/>
      </symbol>
      <symbol id="sm-9de">
         <name>__CIOBUF_</name>
         <value>0x2001f290</value>
         <object_component_ref idref="oc-66f"/>
      </symbol>
      <symbol id="sm-9df">
         <name>__TI_writemsg</name>
         <value>0x20016325</value>
         <object_component_ref idref="oc-641"/>
      </symbol>
      <symbol id="sm-9f0">
         <name>lseek</name>
         <value>0x200165f5</value>
         <object_component_ref idref="oc-5c3"/>
      </symbol>
      <symbol id="sm-9fa">
         <name>copysign</name>
         <value>0x20016aa5</value>
         <object_component_ref idref="oc-57a"/>
      </symbol>
      <symbol id="sm-9fb">
         <name>copysignl</name>
         <value>0x20016aa5</value>
         <object_component_ref idref="oc-57a"/>
      </symbol>
      <symbol id="sm-a10">
         <name>__TI_closefile</name>
         <value>0x20015711</value>
         <object_component_ref idref="oc-5f4"/>
      </symbol>
      <symbol id="sm-a33">
         <name>finddevice</name>
         <value>0x200164c1</value>
         <object_component_ref idref="oc-68d"/>
      </symbol>
      <symbol id="sm-a34">
         <name>getdevice</name>
         <value>0x200161a5</value>
         <object_component_ref idref="oc-665"/>
      </symbol>
      <symbol id="sm-a43">
         <name>strcmp</name>
         <value>0x20016989</value>
         <object_component_ref idref="oc-6a4"/>
      </symbol>
      <symbol id="sm-a51">
         <name>strcpy</name>
         <value>0x20016a21</value>
         <object_component_ref idref="oc-65b"/>
      </symbol>
      <symbol id="sm-a61">
         <name>strncpy</name>
         <value>0x20016393</value>
         <object_component_ref idref="oc-687"/>
      </symbol>
      <symbol id="sm-a76">
         <name>close</name>
         <value>0x20015b31</value>
         <object_component_ref idref="oc-630"/>
      </symbol>
      <symbol id="sm-a86">
         <name>unlink</name>
         <value>0x2001654d</value>
         <object_component_ref idref="oc-636"/>
      </symbol>
      <symbol id="sm-ae6">
         <name>GPIOIntRegister</name>
         <value>0x20016779</value>
         <object_component_ref idref="oc-19d"/>
      </symbol>
      <symbol id="sm-ae7">
         <name>GPIOIntEnable</name>
         <value>0x2001687d</value>
         <object_component_ref idref="oc-1af"/>
      </symbol>
      <symbol id="sm-ae8">
         <name>GPIOIntTypeSet</name>
         <value>0x20015521</value>
         <object_component_ref idref="oc-1a3"/>
      </symbol>
      <symbol id="sm-ae9">
         <name>GPIOIntClear</name>
         <value>0x200169f7</value>
         <object_component_ref idref="oc-16e"/>
      </symbol>
      <symbol id="sm-aea">
         <name>GPIOIntStatus</name>
         <value>0x200166b5</value>
         <object_component_ref idref="oc-168"/>
      </symbol>
      <symbol id="sm-aeb">
         <name>GPIOPinRead</name>
         <value>0x200168b1</value>
         <object_component_ref idref="oc-2d8"/>
      </symbol>
      <symbol id="sm-aec">
         <name>GPIODirModeSet</name>
         <value>0x2001635d</value>
         <object_component_ref idref="oc-328"/>
      </symbol>
      <symbol id="sm-aed">
         <name>GPIOPinWrite</name>
         <value>0x200166f9</value>
         <object_component_ref idref="oc-2cc"/>
      </symbol>
      <symbol id="sm-b38">
         <name>IntPrioritySet</name>
         <value>0x20015d49</value>
         <object_component_ref idref="oc-2c6"/>
      </symbol>
      <symbol id="sm-b39">
         <name>IntVTableBaseSet</name>
         <value>0x20016a0d</value>
         <object_component_ref idref="oc-114"/>
      </symbol>
      <symbol id="sm-b3a">
         <name>IntEnable</name>
         <value>0x20014ff1</value>
         <object_component_ref idref="oc-120"/>
      </symbol>
      <symbol id="sm-b3b">
         <name>IntRegister</name>
         <value>0x20016719</value>
         <object_component_ref idref="oc-25f"/>
      </symbol>
      <symbol id="sm-b3c">
         <name>IntMasterEnable</name>
         <value>0x20016ab1</value>
         <object_component_ref idref="oc-11a"/>
      </symbol>
      <symbol id="sm-b73">
         <name>PinTypeUART</name>
         <value>0x20016897</value>
         <object_component_ref idref="oc-32e"/>
      </symbol>
      <symbol id="sm-b74">
         <name>PinTypeGPIO</name>
         <value>0x20016431</value>
         <object_component_ref idref="oc-322"/>
      </symbol>
      <symbol id="sm-b75">
         <name>PinConfigSet</name>
         <value>0x2001538d</value>
         <object_component_ref idref="oc-455"/>
      </symbol>
      <symbol id="sm-b76">
         <name>PinModeSet</name>
         <value>0x200161e9</value>
         <object_component_ref idref="oc-31c"/>
      </symbol>
      <symbol id="sm-bfc">
         <name>PRCMPeripheralReset</name>
         <value>0x20015c99</value>
         <object_component_ref idref="oc-191"/>
      </symbol>
      <symbol id="sm-bfd">
         <name>PRCMPeripheralClkEnable</name>
         <value>0x200162e9</value>
         <object_component_ref idref="oc-126"/>
      </symbol>
      <symbol id="sm-bfe">
         <name>PRCMPeripheralClockGet</name>
         <value>0x2001526d</value>
         <object_component_ref idref="oc-e9"/>
      </symbol>
      <symbol id="sm-bff">
         <name>PRCMCC3200MCUInit</name>
         <value>0x200142a5</value>
         <object_component_ref idref="oc-12c"/>
      </symbol>
      <symbol id="sm-c00">
         <name>PRCMHIBRegWrite</name>
         <value>0x200169b7</value>
         <object_component_ref idref="oc-2b9"/>
      </symbol>
      <symbol id="sm-c01">
         <name>PRCMSysResetCauseGet</name>
         <value>0x20016521</value>
         <object_component_ref idref="oc-2ad"/>
      </symbol>
      <symbol id="sm-c02">
         <name>PRCMPeripheralClkDisable</name>
         <value>0x200165a5</value>
         <object_component_ref idref="oc-2bf"/>
      </symbol>
      <symbol id="sm-c03">
         <name>PRCMHIBRegRead</name>
         <value>0x200169a1</value>
         <object_component_ref idref="oc-2b3"/>
      </symbol>
      <symbol id="sm-cb3">
         <name>SPICSEnable</name>
         <value>0x200168e1</value>
         <object_component_ref idref="oc-354"/>
      </symbol>
      <symbol id="sm-cb4">
         <name>SPIDataGetNonBlocking</name>
         <value>0x20016579</value>
         <object_component_ref idref="oc-d7"/>
      </symbol>
      <symbol id="sm-cb5">
         <name>SPIDataPut</name>
         <value>0x20016797</value>
         <object_component_ref idref="oc-d1"/>
      </symbol>
      <symbol id="sm-cb6">
         <name>SPIEnable</name>
         <value>0x200168f9</value>
         <object_component_ref idref="oc-f5"/>
      </symbol>
      <symbol id="sm-cb7">
         <name>SPIDataGet</name>
         <value>0x20016739</value>
         <object_component_ref idref="oc-35a"/>
      </symbol>
      <symbol id="sm-cb8">
         <name>SPIConfigSetExpClk</name>
         <value>0x20015099</value>
         <object_component_ref idref="oc-ef"/>
      </symbol>
      <symbol id="sm-cb9">
         <name>SPIIntRegister</name>
         <value>0x200167b5</value>
         <object_component_ref idref="oc-fb"/>
      </symbol>
      <symbol id="sm-cba">
         <name>SPIReset</name>
         <value>0x200166d7</value>
         <object_component_ref idref="oc-e3"/>
      </symbol>
      <symbol id="sm-cbb">
         <name>SPIIntStatus</name>
         <value>0x200155a5</value>
         <object_component_ref idref="oc-c5"/>
      </symbol>
      <symbol id="sm-cbc">
         <name>SPIIntEnable</name>
         <value>0x20015e45</value>
         <object_component_ref idref="oc-101"/>
      </symbol>
      <symbol id="sm-cbd">
         <name>SPIIntClear</name>
         <value>0x20015fbd</value>
         <object_component_ref idref="oc-cb"/>
      </symbol>
      <symbol id="sm-cbe">
         <name>SPICSDisable</name>
         <value>0x200168c9</value>
         <object_component_ref idref="oc-360"/>
      </symbol>
      <symbol id="sm-cf5">
         <name>SysTickEnable</name>
         <value>0x20016a5d</value>
         <object_component_ref idref="oc-162"/>
      </symbol>
      <symbol id="sm-cf6">
         <name>SysTickIntRegister</name>
         <value>0x200167f1</value>
         <object_component_ref idref="oc-156"/>
      </symbol>
      <symbol id="sm-cf7">
         <name>SysTickIntEnable</name>
         <value>0x20016a6d</value>
         <object_component_ref idref="oc-15c"/>
      </symbol>
      <symbol id="sm-cf8">
         <name>SysTickValueGet</name>
         <value>0x20016a99</value>
         <object_component_ref idref="oc-174"/>
      </symbol>
      <symbol id="sm-cf9">
         <name>SysTickPeriodSet</name>
         <value>0x20016911</value>
         <object_component_ref idref="oc-150"/>
      </symbol>
      <symbol id="sm-d35">
         <name>UARTConfigSetExpClk</name>
         <value>0x2001569b</value>
         <object_component_ref idref="oc-216"/>
      </symbol>
      <symbol id="sm-d36">
         <name>UARTDisable</name>
         <value>0x20016461</value>
         <object_component_ref idref="oc-393"/>
      </symbol>
      <symbol id="sm-d37">
         <name>UARTCharsAvail</name>
         <value>0x20016929</value>
         <object_component_ref idref="oc-228"/>
      </symbol>
      <symbol id="sm-d38">
         <name>UARTCharGetNonBlocking</name>
         <value>0x2001680d</value>
         <object_component_ref idref="oc-22e"/>
      </symbol>
      <symbol id="sm-d39">
         <name>UARTCharPut</name>
         <value>0x200167d3</value>
         <object_component_ref idref="oc-21c"/>
      </symbol>
      <symbol id="sm-d3a">
         <name>UARTEnable</name>
         <value>0x2001666d</value>
         <object_component_ref idref="oc-399"/>
      </symbol>
      <symbol id="sm-d3e">
         <name>UtilsDelay</name>
         <value>0x20016ad5</value>
         <object_component_ref idref="oc-3e7"/>
      </symbol>
      <symbol id="sm-d48">
         <name>CPUcpsie</name>
         <value>0x200169e3</value>
         <object_component_ref idref="oc-29e"/>
      </symbol>
      <symbol id="sm-d4a">
         <name>__TI_static_base__</name>
         <value>0x20016af0</value>
      </symbol>
      <symbol id="sm-d4d">
         <name>__mpu_init</name>
         <value>0x0</value>
      </symbol>
      <symbol id="sm-d4e">
         <name>_system_post_cinit</name>
         <value>0x0</value>
      </symbol>
      <symbol id="sm-d4f">
         <name>remove</name>
         <value>0x2001654d</value>
      </symbol>
   </symbol_table>
   <title>Link successful</title>
</link_info>
