******************************************************************************
                  TI ARM Linker PC v20.2.7                     
******************************************************************************
>> Linked Wed Feb 28 11:42:14 2024

OUTPUT FILE NAME:   <SSL_REST_API_AWS_W19.out>
ENTRY POINT SYMBOL: "_c_int00_noargs"  address: 2000c981


MEMORY CONFIGURATION

         name            origin    length      used     unused   attr    fill
----------------------  --------  ---------  --------  --------  ----  --------
  SRAM_CODE             20004000   00013000  00009556  00009aaa  RW X
  SRAM_DATA             20017000   00019000  000092ba  0000fd46  RW X


SEGMENT ALLOCATION MAP

run origin  load origin   length   init length attrs members
----------  ----------- ---------- ----------- ----- -------
20004000    20004000    00009558   00009558    r-x
  20004000    20004000    00000400   00000400    r-- .intvecs
  20004400    20004400    00008aea   00008aea    r-x .text
  2000ceec    2000ceec    00000614   00000614    r-- .const
  2000d500    2000d500    00000058   00000058    r-- .cinit
20017000    20017000    000082bc   00000000    rw-
  20017000    20017000    00008000   00000000    rw- .sysmem
  2001f000    2001f000    0000021a   00000000    rw- .bss
  2001f21c    2001f21c    000000a0   00000000    rw- .data
2002f000    2002f000    00001000   00000000    rw-
  2002f000    2002f000    00001000   00000000    rw- .stack


SECTION ALLOCATION MAP

 output                                  attributes/
section   page    origin      length       input sections
--------  ----  ----------  ----------   ----------------
.intvecs   0    20004000    00000400     
                  20004000    00000400     startup_ccs.obj (.intvecs)

.init_array 
*          0    20004000    00000000     UNINITIALIZED

.text      0    20004400    00008aea     
                  20004400    00001310     main.obj (.text)
                  20005710    00000a4e     rtsv7M4_T_le_eabi.lib : _printfi.c.obj (.text:__TI_printfi)
                  2000615e    00000002     driverlib.a : interrupt.obj (.text:IntDefaultHandler)
                  20006160    00000590     simplelink.a : driver.obj (.text:_SlDrvMsgRead)
                  200066f0    00000398     gpio_if.obj (.text)
                  20006a88    00000280     simplelink.a : wlan.obj (.text:sl_WlanConnect)
                  20006d08    0000027c     uart_if.obj (.text)
                  20006f84    00000268     rtsv7M4_T_le_eabi.lib : _printfi.c.obj (.text:_pconv_a)
                  200071ec    00000248     simplelink.a : driver.obj (.text:_SlDrvRxHdrRead)
                  20007434    000001e4                  : driver.obj (.text:_SlDrvDataReadOp)
                  20007618    000001d0                  : driver.obj (.text:_SlDrvReleasePoolObj)
                  200077e8    000001cc     rtsv7M4_T_le_eabi.lib : _printfi.c.obj (.text:_pconv_g)
                  200079b4    000001b6                           : fd_add_t2.asm.obj (.text)
                  20007b6a    00000002                           : _lock.c.obj (.text:_nop)
                  20007b6c    000001b4     simplelink.a : driver.obj (.text:_SlDrvDriverCBInit)
                  20007d20    0000019c                  : driver.obj (.text:_SlDrvMsgWrite)
                  20007ebc    00000190                  : driver.obj (.text:_SlDrvWaitForPoolObj)
                  2000804c    0000018c                  : socket.obj (.text:sl_Connect)
                  200081d8    00000178     driverlib.a : prcm.obj (.text:PRCMCC3200MCUInit)
                  20008350    00000170     simplelink.a : driver.obj (.text:_SlFindAndSetActiveObj)
                  200084c0    00000150                  : driver.obj (.text:_SlDrvDataWriteOp)
                  20008610    00000148                  : cc_pal.obj (.text:spi_Open)
                  20008758    00000144                  : driver.obj (.text:_SlDrvMsgReadCmdCtx)
                  2000889c    00000144                  : netapp.obj (.text:sl_NetAppDnsGetHostByName)
                  200089e0    0000013c     rtsv7M4_T_le_eabi.lib : _printfi.c.obj (.text:_pconv_e)
                  20008b1c    00000136                           : fd_div_t2.asm.obj (.text)
                  20008c52    00000002                           : div0.asm.obj (.text)
                  20008c54    00000134     simplelink.a : socket.obj (.text:sl_Send)
                  20008d88    00000130                  : driver.obj (.text:_SlDrvDriverCBDeinit)
                  20008eb8    00000120     rtsv7M4_T_le_eabi.lib : _printfi.c.obj (.text:fcvt)
                  20008fd8    00000104     simplelink.a : netapp.obj (.text:_SlDrvNetAppEventHandler)
                  200090dc    00000100     rtsv7M4_T_le_eabi.lib : memory.c.obj (.text:aligned_alloc)
                  200091dc    000000fc                           : fd_mul_t2.asm.obj (.text)
                  200092d8    000000f0     simplelink.a : device.obj (.text:sl_Stop)
                  200093c8    000000f0                  : cc_pal.obj (.text:spi_Read)
                  200094b8    000000f0     driverlib.a : udma.obj (.text:uDMAChannelTransferSet)
                  200095a8    000000ec     simplelink.a : device.obj (.text:sl_Start)
                  20009694    000000e8                  : driver.obj (.text:_SlAsyncEventGenericHandler)
                  2000977c    000000e8                  : driver.obj (.text:_SlDrvMsgReadSpawnCtx)
                  20009864    000000e4     rtsv7M4_T_le_eabi.lib : memory.c.obj (.text:free)
                  20009948    000000e4                           : memory.c.obj (.text:realloc)
                  20009a2c    000000e4     simplelink.a : netapp.obj (.text:sl_NetAppMDNSRegisterUnregisterService)
                  20009b10    000000dc                  : driver.obj (.text:_SlDrvClassifyRxMsg)
                  20009bec    000000d0     rtsv7M4_T_le_eabi.lib : s_scalbn.c.obj (.text:scalbn)
                  20009cbc    000000cc     simplelink.a : netapp.obj (.text:_sl_HandleAsync_DnsGetHostByService)
                  20009d88    000000cc                  : device.obj (.text:sl_DevGet)
                  20009e54    000000c4                  : driver.obj (.text:_SlRemoveFromList)
                  20009f18    000000c0                  : driver.obj (.text:_SlDrvCmdOp)
                  20009fd8    000000b1     rtsv7M4_T_le_eabi.lib : _printfi.c.obj (.text:_ltostr)
                  2000a089    00000003     --HOLE-- [fill = 0]
                  2000a08c    000000b0     simplelink.a : nonos.obj (.text:_SlNonOsSemGet)
                  2000a13c    000000a8     driverlib.a : interrupt.obj (.text:IntDisable)
                  2000a1e4    000000a8                 : interrupt.obj (.text:IntEnable)
                  2000a28c    000000a4     simplelink.a : driver.obj (.text:_SlDriverHandleError)
                  2000a330    000000a0     driverlib.a : spi.obj (.text:SPIConfigSetExpClk)
                  2000a3d0    000000a0     simplelink.a : socket.obj (.text:sl_Recv)
                  2000a470    0000009c     rtsv7M4_T_le_eabi.lib : memcpy_t2.asm.obj (.text)
                  2000a50c    0000009a     simplelink.a : device.obj (.text:_SlDrvDeviceEventHandler)
                  2000a5a6    00000002     --HOLE-- [fill = 0]
                  2000a5a8    00000098                  : device.obj (.text:sl_DevSet)
                  2000a640    00000098                  : netcfg.obj (.text:sl_NetCfgSet)
                  2000a6d8    00000098                  : socket.obj (.text:sl_SetSockOpt)
                  2000a770    00000098                  : wlan.obj (.text:sl_WlanSet)
                  2000a808    00000098                  : cc_pal.obj (.text:spi_Write)
                  2000a8a0    00000096     rtsv7M4_T_le_eabi.lib : ull_div_t2.asm.obj (.text)
                  2000a936    00000002     --HOLE-- [fill = 0]
                  2000a938    00000094     driverlib.a : prcm.obj (.text:PRCMPeripheralClockGet)
                  2000a9cc    00000090     simplelink.a : netapp.obj (.text:_sl_HandleAsync_DnsGetHostByName)
                  2000aa5c    00000090                  : netapp.obj (.text:_sl_HandleAsync_PingResponse)
                  2000aaec    00000090                  : wlan.obj (.text:sl_WlanPolicySet)
                  2000ab7c    0000008c                  : cc_pal.obj (.text:SetupDMAReceive)
                  2000ac08    0000008c                  : cc_pal.obj (.text:SetupDMASend)
                  2000ac94    0000008c                  : driver.obj (.text:_SlDrvIsTimeoutExpired)
                  2000ad20    0000008c                  : device.obj (.text:_sl_HandleAsync_InitComplete)
                  2000adac    0000008c                  : socket.obj (.text:sl_Socket)
                  2000ae38    00000088     driverlib.a : pin.obj (.text:PinConfigSet)
                  2000aec0    00000086     rtsv7M4_T_le_eabi.lib : fd_cmp_t2.asm.obj (.text:__aeabi_cdcmple)
                  2000af46    00000086                           : fd_cmp_t2.asm.obj (.text:__aeabi_cdrcmple)
                  2000afcc    00000084     simplelink.a : wlan.obj (.text:sl_WlanRxFilterSet)
                  2000b050    00000082     driverlib.a : gpio.obj (.text:GPIOIntTypeSet)
                  2000b0d2    00000002     --HOLE-- [fill = 0]
                  2000b0d4    00000080     simplelink.a : socket.obj (.text:_sl_HandleAsync_Connect)
                  2000b154    00000080                  : cc_pal.obj (.text:spi_Read_CPU)
                  2000b1d4    00000080                  : cc_pal.obj (.text:spi_Write_CPU)
                  2000b254    0000007a     rtsv7M4_T_le_eabi.lib : memset_t2.asm.obj (.text)
                  2000b2ce    00000002     --HOLE-- [fill = 0]
                  2000b2d0    00000078     simplelink.a : cc_pal.obj (.text:spi_Close)
                  2000b348    00000076     driverlib.a : uart.obj (.text:UARTConfigSetExpClk)
                  2000b3be    00000002     --HOLE-- [fill = 0]
                  2000b3c0    00000074     simplelink.a : nonos.obj (.text:_SlNonOsMainLoopTask)
                  2000b434    00000070     rtsv7M4_T_le_eabi.lib : memory.c.obj (.text:split)
                  2000b4a4    0000006e                           : _printfi.c.obj (.text:_mcpy)
                  2000b512    00000002     --HOLE-- [fill = 0]
                  2000b514    0000006c     simplelink.a : driver.obj (.text:_SlDrvCmdSend)
                  2000b580    0000006c                  : netapp.obj (.text:_sl_NetAppSendTokenValue)
                  2000b5ec    00000068     rtsv7M4_T_le_eabi.lib : copy_decompress_lzss.c.obj (.text:decompress:lzss:__TI_decompress_lzss)
                  2000b654    00000064     simplelink.a : nonos.obj (.text:_SlNonOsSpawn)
                  2000b6b8    00000064                  : socket.obj (.text:_sl_HandleAsync_Accept)
                  2000b71c    00000064                  : netapp.obj (.text:sl_NetAppMDNSUnRegisterService)
                  2000b780    00000064     driverlib.a : udma.obj (.text:uDMAChannelAttributeDisable)
                  2000b7e4    00000064                 : udma.obj (.text:uDMAChannelAttributeEnable)
                  2000b848    00000060     simplelink.a : socket.obj (.text:sl_Close)
                  2000b8a8    00000060                  : wlan.obj (.text:sl_WlanProfileDel)
                  2000b908    00000060                  : wlan.obj (.text:sl_WlanSetMode)
                  2000b968    0000005c     rtsv7M4_T_le_eabi.lib : s_frexp.c.obj (.text:frexp)
                  2000b9c4    00000058     driverlib.a : interrupt.obj (.text:IntPendClear)
                  2000ba1c    00000058                 : prcm.obj (.text:PRCMPeripheralReset)
                  2000ba74    00000058     pinmux.obj (.text)
                  2000bacc    00000056     rtsv7M4_T_le_eabi.lib : _printfi.c.obj (.text:_pconv_f)
                  2000bb22    00000002     --HOLE-- [fill = 0]
                  2000bb24    00000054     driverlib.a : interrupt.obj (.text:IntPrioritySet)
                  2000bb78    00000054     simplelink.a : driver.obj (.text:_SlDrvRxIrqHandler)
                  2000bbcc    00000054     rtsv7M4_T_le_eabi.lib : _ltoa.c.obj (.text:__TI_ltoa)
                  2000bc20    00000054     simplelink.a : socket.obj (.text:_sl_HandleAsync_Select)
                  2000bc74    00000052     rtsv7M4_T_le_eabi.lib : _printfi.c.obj (.text:_ecpy)
                  2000bcc6    00000002     --HOLE-- [fill = 0]
                  2000bcc8    00000050     simplelink.a : device.obj (.text:_sl_HandleAsync_Stop)
                  2000bd18    0000004c     driverlib.a : spi.obj (.text:SPIIntEnable)
                  2000bd64    0000004c                 : spi.obj (.text:SPIIntNumberGet)
                  2000bdb0    0000004c     simplelink.a : driver.obj (.text:_SlDrvProtectAsyncRespSetting)
                  2000bdfc    0000004c                  : socket.obj (.text:_sl_BuildAddress)
                  2000be48    0000004c     rtsv7M4_T_le_eabi.lib : atoi.c.obj (.text:atoi)
                  2000be94    0000004c     driverlib.a : udma.obj (.text:uDMAChannelAssign)
                  2000bee0    00000048                 : gpio.obj (.text:GPIOGetIntNumber)
                  2000bf28    00000048                 : spi.obj (.text:SPIIntClear)
                  2000bf70    00000048     simplelink.a : driver.obj (.text:_SlDrvBasicCmd)
                  2000bfb8    00000048     rtsv7M4_T_le_eabi.lib : fd_toi_t2.asm.obj (.text)
                  2000c000    00000044     driverlib.a : spi.obj (.text:SPIDmaMaskGet)
                  2000c044    00000044                 : timer.obj (.text:TimerConfigure)
                  2000c088    00000044     simplelink.a : driver.obj (.text:_SlDrvHandleHttpServerEvents)
                  2000c0cc    00000044                  : driver.obj (.text:_SlDrvSyncObjWaitTimeout)
                  2000c110    00000044     rtsv7M4_T_le_eabi.lib : autoinit.c.obj (.text:__TI_auto_init_nobinit_nopinit:__TI_auto_init_nobinit_nopinit)
                  2000c154    00000044     simplelink.a : cc_pal.obj (.text:cc_SetupTransfer)
                  2000c198    00000042                  : socket.obj (.text:sl_Htonl)
                  2000c1da    00000002     --HOLE-- [fill = 0]
                  2000c1dc    00000040     driverlib.a : pin.obj (.text:PinModeSet)
                  2000c21c    00000040     simplelink.a : driver.obj (.text:_SlDrvHandleNetAppEvents)
                  2000c25c    00000040                  : driver.obj (.text:_SlDrvHandleWlanEvents)
                  2000c29c    00000040                  : socket.obj (.text:_sl_TruncatePayloadByProtocol)
                  2000c2dc    00000040     rtsv7M4_T_le_eabi.lib : sprintf.c.obj (.text:sprintf)
                  2000c31c    00000040                           : vsnprintf.c.obj (.text:vsnprintf)
                  2000c35c    0000003e     simplelink.a : cc_pal.obj (.text:NwpRegisterInterruptHandler)
                  2000c39a    0000003e     rtsv7M4_T_le_eabi.lib : _printfi.c.obj (.text:_fcpy)
                  2000c3d8    0000003c     simplelink.a : netapp.obj (.text:CopyPingResultsToReport)
                  2000c414    0000003c     driverlib.a : prcm.obj (.text:PRCMPeripheralClkEnable)
                  2000c450    0000003c     simplelink.a : cc_pal.obj (.text:simplelink_timerA2_start)
                  2000c48c    0000003c                  : socket.obj (.text:sl_Htons)
                  2000c4c8    0000003c     driverlib.a : udma.obj (.text:uDMAChannelControlSet)
                  2000c504    00000038     simplelink.a : cc_pal.obj (.text:NwpPowerOff)
                  2000c53c    00000038                  : wlan.obj (.text:sl_WlanDisconnect)
                  2000c574    00000036     driverlib.a : gpio.obj (.text:GPIODirModeSet)
                  2000c5aa    00000002     --HOLE-- [fill = 0]
                  2000c5ac    00000034                 : prcm.obj (.text:PRCMPeripheralStatusGet)
                  2000c5e0    00000034                 : spi.obj (.text:SPIFIFOLevelSet)
                  2000c614    00000030                 : pin.obj (.text:PinTypeGPIO)
                  2000c644    00000030                 : uart.obj (.text:UARTDisable)
                  2000c674    00000030     rtsv7M4_T_le_eabi.lib : vsnprintf.c.obj (.text:_outs)
                  2000c6a4    0000002e                           : i_tofd_t2.asm.obj (.text)
                  2000c6d2    00000002     --HOLE-- [fill = 0]
                  2000c6d4    0000002c     simplelink.a : cc_pal.obj (.text:NwpPowerOn)
                  2000c700    0000002c     driverlib.a : prcm.obj (.text:PRCMSysResetCauseGet)
                  2000c72c    0000002c     simplelink.a : driver.obj (.text:_SlDrvObjGlobalLockWaitForever)
                  2000c758    0000002c                  : driver.obj (.text:_SlDrvProtectionObjLockWaitForever)
                  2000c784    0000002a     driverlib.a : timer.obj (.text:TimerLoadSet)
                  2000c7ae    0000002a                 : timer.obj (.text:TimerPrescaleSet)
                  2000c7d8    00000028                 : prcm.obj (.text:PRCMPeripheralClkDisable)
                  2000c800    00000028     simplelink.a : driver.obj (.text:_SlDrvGlobalObjUnLock)
                  2000c828    00000028                  : driver.obj (.text:_SlDrvProtectionObjUnLock)
                  2000c850    00000028                  : driver.obj (.text:_SlDrvSyncObjWaitForever)
                  2000c878    00000028     rtsv7M4_T_le_eabi.lib : memory.c.obj (.text:free_list_insert)
                  2000c8a0    00000028                           : memmov.c.obj (.text:memmove)
                  2000c8c8    00000026     simplelink.a : driver.obj (.text:_SlDrvObjLockWaitForever)
                  2000c8ee    00000026     network_common.obj (.text)
                  2000c914    00000024     simplelink.a : cc_pal.obj (.text:DmaSpiSwIntHandler)
                  2000c938    00000024     driverlib.a : interrupt.obj (.text:IntUnregister)
                  2000c95c    00000024                 : uart.obj (.text:UARTEnable)
                  2000c980    00000024     rtsv7M4_T_le_eabi.lib : boot_cortex_m.c.obj (.text:_c_int00_noargs:_c_int00_noargs)
                  2000c9a4    00000022     driverlib.a : spi.obj (.text:SPIReset)
                  2000c9c6    00000022                 : spi.obj (.text:SPIWordCountSet)
                  2000c9e8    00000020                 : gpio.obj (.text:GPIOPinWrite)
                  2000ca08    00000020                 : interrupt.obj (.text:IntRegister)
                  2000ca28    00000020     simplelink.a : cc_pal.obj (.text:NwpPrePowerOffTimout0)
                  2000ca48    00000020                  : cc_pal.obj (.text:TimerGetCurrentTimestamp)
                  2000ca68    00000020                  : driver.obj (.text:_SlDrvObjUnLock)
                  2000ca88    00000020                  : driver.obj (.text:_SlDrvSyncObjSignal)
                  2000caa8    0000001e     driverlib.a : gpio.obj (.text:GPIOIntRegister)
                  2000cac6    0000001e                 : timer.obj (.text:TimerEnable)
                  2000cae4    0000001e                 : uart.obj (.text:UARTCharPut)
                  2000cb02    0000001e     simplelink.a : cc_pal.obj (.text:cc_UDMAChannelSelect)
                  2000cb20    0000001c     driverlib.a : timer.obj (.text:TimerValueGet)
                  2000cb3c    0000001c                 : uart.obj (.text:UARTCharGetNonBlocking)
                  2000cb58    0000001c     simplelink.a : driver.obj (.text:_SlDrvStartMeasureTimeout)
                  2000cb74    0000001c     rtsv7M4_T_le_eabi.lib : copy_zero_init.c.obj (.text:decompress:ZI:__TI_zero_init_nomemset:__TI_zero_init_nomemset)
                  2000cb90    0000001c                           : memory.c.obj (.text:free_list_remove)
                  2000cbac    0000001c                           : memccpy.c.obj (.text:memccpy)
                  2000cbc8    0000001c     driverlib.a : udma.obj (.text:uDMAChannelEnable)
                  2000cbe4    0000001a                 : gpio.obj (.text:GPIOIntEnable)
                  2000cbfe    0000001a                 : pin.obj (.text:PinTypeUART)
                  2000cc18    0000001a                 : spi.obj (.text:SPIDmaDisable)
                  2000cc32    0000001a                 : spi.obj (.text:SPIDmaEnable)
                  2000cc4c    0000001a                 : spi.obj (.text:SPIFIFODisable)
                  2000cc66    0000001a                 : spi.obj (.text:SPIFIFOEnable)
                  2000cc80    0000001a                 : spi.obj (.text:SPIIntUnregister)
                  2000cc9a    00000018                 : gpio.obj (.text:GPIOPinRead)
                  2000ccb2    00000018                 : spi.obj (.text:SPICSDisable)
                  2000ccca    00000018                 : spi.obj (.text:SPICSEnable)
                  2000cce2    00000018                 : spi.obj (.text:SPIDisable)
                  2000ccfa    00000018                 : spi.obj (.text:SPIEnable)
                  2000cd12    00000018                 : uart.obj (.text:UARTCharsAvail)
                  2000cd2a    00000018     simplelink.a : nonos.obj (.text:_SlNonOsSemSet)
                  2000cd42    00000018     rtsv7M4_T_le_eabi.lib : vsnprintf.c.obj (.text:_outc)
                  2000cd5a    00000018                           : sprintf.c.obj (.text:_outs)
                  2000cd72    00000002     --HOLE-- [fill = 0]
                  2000cd74    00000018     simplelink.a : device.obj (.text:_sl_GetStartResponseConvert)
                  2000cd8c    00000016     driverlib.a : prcm.obj (.text:PRCMHIBRegRead)
                  2000cda2    00000016                 : prcm.obj (.text:PRCMHIBRegWrite)
                  2000cdb8    00000016     simplelink.a : driver.obj (.text:_SlDrvMemZero)
                  2000cdce    00000016     rtsv7M4_T_le_eabi.lib : strchr.c.obj (.text:strchr)
                  2000cde4    00000014     driverlib.a : cpu.obj (.text:CPUcpsie)
                  2000cdf8    00000014                 : gpio.obj (.text:GPIOIntClear)
                  2000ce0c    00000014                 : interrupt.obj (.text:IntVTableBaseSet)
                  2000ce20    00000014     rtsv7M4_T_le_eabi.lib : strcpy.c.obj (.text:strcpy)
                  2000ce34    00000014                           : strlen.c.obj (.text:strlen)
                  2000ce48    00000012                           : wcslen.c.obj (.text:wcslen)
                  2000ce5a    00000010     simplelink.a : driver.obj (.text:_SlDrvDispatchHttpServerEvents)
                  2000ce6a    0000000e                  : driver.obj (.text:_SlDrvResetCmdExt)
                  2000ce78    0000000e     rtsv7M4_T_le_eabi.lib : copy_decompress_none.c.obj (.text:decompress:none:__TI_decompress_none)
                  2000ce86    0000000e     startup_ccs.obj (.text)
                  2000ce94    0000000c     simplelink.a : cc_pal.obj (.text:NwpMaskInterrupt)
                  2000cea0    0000000c                  : cc_pal.obj (.text:NwpUnMaskInterrupt)
                  2000ceac    0000000c     rtsv7M4_T_le_eabi.lib : s_copysign.c.obj (.text:copysign)
                  2000ceb8    0000000a     driverlib.a : interrupt.obj (.text:IntMasterEnable)
                  2000cec2    0000000a     rtsv7M4_T_le_eabi.lib : sprintf.c.obj (.text:_outc)
                  2000cecc    00000008                           : errno.c.obj (.text:__aeabi_errno_addr)
                  2000ced4    00000008                           : memory.c.obj (.text:malloc)
                  2000cedc    00000006     driverlib.a : utils.obj (.text:UtilsDelay)
                  2000cee2    00000004     rtsv7M4_T_le_eabi.lib : pre_init.c.obj (.text:_system_pre_init)
                  2000cee6    00000004                           : exit.c.obj (.text:abort:abort)

.const     0    2000ceec    00000614     
                  2000ceec    00000101     rtsv7M4_T_le_eabi.lib : ctype.c.obj (.const:.string:_ctypes_)
                  2000cfed    00000003     --HOLE-- [fill = 0]
                  2000cff0    00000100     driverlib.a : pin.obj (.const:g_ulPinToPadMap)
                  2000d0f0    000000d4                 : interrupt.obj (.const:g_pulRegs)
                  2000d1c4    000000a8                 : prcm.obj (.const:PRCM_PeriphRegsList)
                  2000d26c    0000003c     simplelink.a : driver.obj (.const:OpcodeTranslateTable)
                  2000d2a8    00000038                  : driver.obj (.const:_SlActionLookupTable)
                  2000d2e0    00000030     main.obj (.const:.string)
                  2000d310    0000002c     main.obj (.const:$P$T1$2)
                  2000d33c    00000024     driverlib.a : spi.obj (.const:g_ppulSPIIntMap)
                  2000d360    00000022     main.obj (.const:.string:$P$T0$1)
                  2000d382    00000002     --HOLE-- [fill = 0]
                  2000d384    00000020     simplelink.a : driver.obj (.const:RxMsgClassLUT)
                  2000d3a4    00000018     driverlib.a : interrupt.obj (.const:g_pulDisRegs)
                  2000d3bc    00000018                 : interrupt.obj (.const:g_pulEnRegs)
                  2000d3d4    00000018                 : interrupt.obj (.const:g_pulUnpendRegs)
                  2000d3ec    00000018                 : spi.obj (.const:g_ulSPIDmaMaskMap)
                  2000d404    00000015     main.obj (.const:.string:$P$T6$7)
                  2000d419    00000003     --HOLE-- [fill = 0]
                  2000d41c    00000014     simplelink.a : driver.obj (.const:$P$T0$1)
                  2000d430    00000014                  : nonos.obj (.const:$P$T0$1)
                  2000d444    00000014     main.obj (.const:$P$T2$3)
                  2000d458    00000010     simplelink.a : socket.obj (.const:.string:_SlPayloadByProtocolLUT)
                  2000d468    0000000c     main.obj (.const:$P$T4$5)
                  2000d474    0000000c     main.obj (.const:.string:$P$T3$4)
                  2000d480    00000009     main.obj (.const:.string:$P$T5$6)
                  2000d489    00000008     simplelink.a : device.obj (.const:StartResponseLUT)
                  2000d491    00000003     --HOLE-- [fill = 0]
                  2000d494    00000008                  : driver.obj (.const:g_H2NCnysPattern)
                  2000d49c    00000008                  : driver.obj (.const:g_H2NSyncPattern)
                  2000d4a4    00000005     main.obj (.const:.string:$P$T7$8)
                  2000d4a9    00000001     --HOLE-- [fill = 0]
                  2000d4aa    00000004     simplelink.a : wlan.obj (.const:$P$T0$1)
                  2000d4ae    00000004                  : socket.obj (.const:$P$T2$3)
                  2000d4b2    00000004                  : device.obj (.const:_SlDeviceGetCmdCtrl)
                  2000d4b6    00000004                  : device.obj (.const:_SlDeviceSetCmdCtrl)
                  2000d4ba    00000004                  : netapp.obj (.const:_SlGetHostByNameCtrl)
                  2000d4be    00000004                  : netapp.obj (.const:_SlNetAppSendTokenValueCmdCtrl)
                  2000d4c2    00000004                  : netcfg.obj (.const:_SlNetCfgSetCmdCtrl)
                  2000d4c6    00000004                  : wlan.obj (.const:_SlPolicySetCmdCtrl)
                  2000d4ca    00000004                  : wlan.obj (.const:_SlProfileDelCmdCtrl)
                  2000d4ce    00000004                  : socket.obj (.const:_SlRecvCmdCtrl)
                  2000d4d2    00000004                  : netapp.obj (.const:_SlRegisterServiceCtrl)
                  2000d4d6    00000004                  : wlan.obj (.const:_SlRxFilterSetCmdCtrl)
                  2000d4da    00000004                  : socket.obj (.const:_SlSendCmdCtrl)
                  2000d4de    00000004                  : socket.obj (.const:_SlSetSockOptCmdCtrl)
                  2000d4e2    00000004                  : socket.obj (.const:_SlSockCloseCmdCtrl)
                  2000d4e6    00000004                  : socket.obj (.const:_SlSockSocketCmdCtrl)
                  2000d4ea    00000004                  : device.obj (.const:_SlStopCmdCtrl)
                  2000d4ee    00000004                  : wlan.obj (.const:_SlWlanCfgSetCmdCtrl)
                  2000d4f2    00000004                  : wlan.obj (.const:_SlWlanSetModeCmdCtrl)
                  2000d4f6    00000002     --HOLE-- [fill = 0]
                  2000d4f8    00000004                  : driver.obj (.const:httpServer_callbacks)
                  2000d4fc    00000004                  : driver.obj (.const:netApp_callbacks)

.cinit     0    2000d500    00000058     
                  2000d500    00000033     (.cinit..data.load) [load image, compression = lzss]
                  2000d533    00000001     --HOLE-- [fill = 0]
                  2000d534    0000000c     (__TI_handler_table)
                  2000d540    00000008     (.cinit..bss.load) [load image, compression = zero_init]
                  2000d548    00000010     (__TI_cinit_table)

.sysmem    0    20017000    00008000     UNINITIALIZED
                  20017000    00000010     rtsv7M4_T_le_eabi.lib : memory.c.obj (.sysmem)
                  20017010    00007ff0     --HOLE--

.bss       0    2001f000    0000021a     UNINITIALIZED
                  2001f000    00000168     simplelink.a : driver.obj (.bss:g_StatMem)
                  2001f168    00000050     (.common:g_ucDinDout)
                  2001f1b8    0000002c     (.common:g_time)
                  2001f1e4    00000024     (.common:g_ucConnectionSSID)
                  2001f208    00000008     (.common:g_ucConnectionBSSID)
                  2001f210    00000004     uart_if.obj (.bss)
                  2001f214    00000001     (.common:RxIrqCnt)
                  2001f215    00000001     (.common:g_bDeviceRestartIsRequired)
                  2001f216    00000001     (.common:g_cDummy)
                  2001f217    00000001     (.common:g_ucLED1Pin)
                  2001f218    00000001     (.common:g_ucLED2Pin)
                  2001f219    00000001     (.common:g_ucLED3Pin)

.data      0    2001f21c    000000a0     UNINITIALIZED
                  2001f21c    0000003c     simplelink.a : nonos.obj (.data:g__SlNonOsCB)
                  2001f258    00000014     gpio_if.obj (.data:ulReg)
                  2001f26c    00000010     main.obj (.data)
                  2001f27c    0000000d     simplelink.a : driver.obj (.data)
                  2001f289    00000003     --HOLE--
                  2001f28c    0000000c     gpio_if.obj (.data)
                  2001f298    00000009     simplelink.a : cc_pal.obj (.data)
                  2001f2a1    00000003     --HOLE--
                  2001f2a4    00000008     rtsv7M4_T_le_eabi.lib : _lock.c.obj (.data:$O1$$)
                  2001f2ac    00000008                           : memory.c.obj (.data:$O1$$)
                  2001f2b4    00000004                           : errno.c.obj (.data)
                  2001f2b8    00000004     simplelink.a : driver.obj (.data:wlan_callbacks)

.stack     0    2002f000    00001000     UNINITIALIZED
                  2002f000    00000004     rtsv7M4_T_le_eabi.lib : boot_cortex_m.c.obj (.stack)
                  2002f004    00000ffc     --HOLE--

__llvm_prf_cnts 
*          0    20017000    00000000     UNINITIALIZED

MODULE SUMMARY

       Module                       code    ro data   rw data
       ------                       ----    -------   -------
    .\
       main.obj                     4880    205       104    
       startup_ccs.obj              14      1024      0      
       gpio_if.obj                  920     0         35     
       uart_if.obj                  636     0         4      
       pinmux.obj                   88      0         0      
       network_common.obj           38      0         0      
    +--+----------------------------+-------+---------+---------+
       Total:                       6576    1229      143    
                                                             
    C:/ti/CC3200SDK_1.3.0/cc3200-sdk/driverlib/ccs/Release/driverlib.a
       prcm.obj                     852     168       0      
       interrupt.obj                608     284       0      
       spi.obj                      798     60        0      
       udma.obj                     604     0         0      
       pin.obj                      274     256       0      
       gpio.obj                     388     0         0      
       uart.obj                     284     0         0      
       timer.obj                    210     0         0      
       cpu.obj                      20      0         0      
       utils.obj                    6       0         0      
    +--+----------------------------+-------+---------+---------+
       Total:                       4044    768       0      
                                                             
    C:/ti/CC3200SDK_1.3.0/cc3200-sdk/simplelink/ccs/NON_OS/simplelink.a
       driver.obj                   7906    192       379    
       cc_pal.obj                   1820    0         90     
       socket.obj                   1830    40        0      
       netapp.obj                   1572    12        0      
       wlan.obj                     1316    24        0      
       device.obj                   1230    20        0      
       nonos.obj                    416     20        60     
       netcfg.obj                   152     4         0      
    +--+----------------------------+-------+---------+---------+
       Total:                       16242   312       529    
                                                             
    C:\ti\ccs1260\ccs\tools\compiler\ti-cgt-arm_20.2.7.LTS\lib\rtsv7M4_T_le_eabi.lib
       _printfi.c.obj               4835    0         0      
       memory.c.obj                 900     0         8      
       fd_add_t2.asm.obj            438     0         0      
       fd_div_t2.asm.obj            310     0         0      
       fd_cmp_t2.asm.obj            268     0         0      
       ctype.c.obj                  0       257       0      
       fd_mul_t2.asm.obj            252     0         0      
       s_scalbn.c.obj               208     0         0      
       memcpy_t2.asm.obj            156     0         0      
       ull_div_t2.asm.obj           150     0         0      
       vsnprintf.c.obj              136     0         0      
       memset_t2.asm.obj            122     0         0      
       copy_decompress_lzss.c.obj   104     0         0      
       sprintf.c.obj                98      0         0      
       s_frexp.c.obj                92      0         0      
       _ltoa.c.obj                  84      0         0      
       atoi.c.obj                   76      0         0      
       fd_toi_t2.asm.obj            72      0         0      
       autoinit.c.obj               68      0         0      
       i_tofd_t2.asm.obj            46      0         0      
       memmov.c.obj                 40      0         0      
       boot_cortex_m.c.obj          36      0         0      
       copy_zero_init.c.obj         28      0         0      
       memccpy.c.obj                28      0         0      
       strchr.c.obj                 22      0         0      
       strcpy.c.obj                 20      0         0      
       strlen.c.obj                 20      0         0      
       wcslen.c.obj                 18      0         0      
       copy_decompress_none.c.obj   14      0         0      
       errno.c.obj                  8       0         4      
       s_copysign.c.obj             12      0         0      
       _lock.c.obj                  2       0         8      
       exit.c.obj                   4       0         0      
       pre_init.c.obj               4       0         0      
       div0.asm.obj                 2       0         0      
    +--+----------------------------+-------+---------+---------+
       Total:                       8673    257       20     
                                                             
       Heap:                        0       0         32768  
       Stack:                       0       0         4096   
       Linker Generated:            0       87        0      
    +--+----------------------------+-------+---------+---------+
       Grand Total:                 35535   2653      37556  


LINKER GENERATED COPY TABLES

__TI_cinit_table @ 2000d548 records: 2, size/record: 8, table size: 16
	.data: load addr=2000d500, load size=00000033 bytes, run addr=2001f21c, run size=000000a0 bytes, compression=lzss
	.bss: load addr=2000d540, load size=00000008 bytes, run addr=2001f000, run size=0000021a bytes, compression=zero_init


LINKER GENERATED HANDLER TABLE

__TI_handler_table @ 2000d534 records: 3, size/record: 4, table size: 12
	index: 0, handler: __TI_decompress_lzss
	index: 1, handler: __TI_decompress_none
	index: 2, handler: __TI_zero_init


GLOBAL SYMBOLS: SORTED ALPHABETICALLY BY Name 

address   name                                  
-------   ----                                  
2000cee7  C$$EXIT                               
2000cde5  CPUcpsie                              
20006d49  ClearTerm                             
2000c915  DmaSpiSwIntHandler                    
20006d53  Error                                 
2000c575  GPIODirModeSet                        
2000cdf9  GPIOIntClear                          
2000cbe5  GPIOIntEnable                         
2000caa9  GPIOIntRegister                       
2000b051  GPIOIntTypeSet                        
2000cc9b  GPIOPinRead                           
2000c9e9  GPIOPinWrite                          
200069b1  GPIO_IF_ConfigureNIntEnable           
20006a3d  GPIO_IF_Get                           
2000696b  GPIO_IF_GetPortNPin                   
2000672d  GPIO_IF_LedConfigure                  
2000681f  GPIO_IF_LedOff                        
2000676b  GPIO_IF_LedOn                         
200068d3  GPIO_IF_LedStatus                     
2000693d  GPIO_IF_LedToggle                     
200069f9  GPIO_IF_Set                           
20006d8b  GetCmd                                
20006d09  InitTerm                              
2000a13d  IntDisable                            
2000a1e5  IntEnable                             
2000ceb9  IntMasterEnable                       
2000b9c5  IntPendClear                          
2000bb25  IntPrioritySet                        
2000ca09  IntRegister                           
2000c939  IntUnregister                         
2000ce0d  IntVTableBaseSet                      
20006d27  Message                               
2000ce95  NwpMaskInterrupt                      
2000c505  NwpPowerOff                           
2000c6d5  NwpPowerOn                            
2000ca29  NwpPrePowerOffTimout0                 
2000c35d  NwpRegisterInterruptHandler           
2000cea1  NwpUnMaskInterrupt                    
2000d26c  OpcodeTranslateTable                  
200081d9  PRCMCC3200MCUInit                     
2000cd8d  PRCMHIBRegRead                        
2000cda3  PRCMHIBRegWrite                       
2000c7d9  PRCMPeripheralClkDisable              
2000c415  PRCMPeripheralClkEnable               
2000a939  PRCMPeripheralClockGet                
2000ba1d  PRCMPeripheralReset                   
2000c5ad  PRCMPeripheralStatusGet               
2000c701  PRCMSysResetCauseGet                  
2000ae39  PinConfigSet                          
2000c1dd  PinModeSet                            
2000ba75  PinMuxConfig                          
2000c615  PinTypeGPIO                           
2000cbff  PinTypeUART                           
20006ec9  Report                                
2000ce87  ResetISR                              
2001f214  RxIrqCnt                              
2000ccb3  SPICSDisable                          
2000cccb  SPICSEnable                           
2000a331  SPIConfigSetExpClk                    
2000cce3  SPIDisable                            
2000cc19  SPIDmaDisable                         
2000cc33  SPIDmaEnable                          
2000ccfb  SPIEnable                             
2000cc4d  SPIFIFODisable                        
2000cc67  SPIFIFOEnable                         
2000c5e1  SPIFIFOLevelSet                       
2000bf29  SPIIntClear                           
2000bd19  SPIIntEnable                          
2000cc81  SPIIntUnregister                      
2000c9a5  SPIReset                              
2000c9c7  SPIWordCountSet                       
200045d5  SimpleLinkGeneralEventHandler         
200045b1  SimpleLinkHttpServerCallback          
2000450f  SimpleLinkNetAppEventHandler          
200045f5  SimpleLinkSockEventHandler            
20004401  SimpleLinkWlanEventHandler            
2000c045  TimerConfigure                        
2000cac7  TimerEnable                           
2000ca49  TimerGetCurrentTimestamp              
2000c785  TimerLoadSet                          
2000c7af  TimerPrescaleSet                      
2000cb21  TimerValueGet                         
20006e31  TrimSpace                             
2000cb3d  UARTCharGetNonBlocking                
2000cae5  UARTCharPut                           
2000cd13  UARTCharsAvail                        
2000b349  UARTConfigSetExpClk                   
2000c645  UARTDisable                           
2000c95d  UARTEnable                            
2000cedd  UtilsDelay                            
2000d2a8  _SlActionLookupTable                  
2000a28d  _SlDriverHandleError                  
2000bf71  _SlDrvBasicCmd                        
20009f19  _SlDrvCmdOp                           
2000b515  _SlDrvCmdSend                         
20007435  _SlDrvDataReadOp                      
200084c1  _SlDrvDataWriteOp                     
2000a50d  _SlDrvDeviceEventHandler              
2000ce5b  _SlDrvDispatchHttpServerEvents        
20008d89  _SlDrvDriverCBDeinit                  
20007b6d  _SlDrvDriverCBInit                    
2000c801  _SlDrvGlobalObjUnLock                 
2000c089  _SlDrvHandleHttpServerEvents          
2000c21d  _SlDrvHandleNetAppEvents              
2000c25d  _SlDrvHandleWlanEvents                
2000ac95  _SlDrvIsTimeoutExpired                
2000cdb9  _SlDrvMemZero                         
2000977d  _SlDrvMsgReadSpawnCtx                 
20008fd9  _SlDrvNetAppEventHandler              
2000c8c9  _SlDrvObjLockWaitForever              
2000ca69  _SlDrvObjUnLock                       
2000bdb1  _SlDrvProtectAsyncRespSetting         
2000c759  _SlDrvProtectionObjLockWaitForever    
2000c829  _SlDrvProtectionObjUnLock             
20007619  _SlDrvReleasePoolObj                  
2000ce6b  _SlDrvResetCmdExt                     
2000bb79  _SlDrvRxIrqHandler                    
2000cb59  _SlDrvStartMeasureTimeout             
2000ca89  _SlDrvSyncObjSignal                   
2000c851  _SlDrvSyncObjWaitForever              
2000c0cd  _SlDrvSyncObjWaitTimeout              
20007ebd  _SlDrvWaitForPoolObj                  
2000d4be  _SlNetAppSendTokenValueCmdCtrl        
2000b3c1  _SlNonOsMainLoopTask                  
2000a08d  _SlNonOsSemGet                        
2000cd2b  _SlNonOsSemSet                        
2000b655  _SlNonOsSpawn                         
20030000  __STACK_END                           
00001000  __STACK_SIZE                          
00008000  __SYSMEM_SIZE                         
2000d548  __TI_CINIT_Base                       
2000d558  __TI_CINIT_Limit                      
2000d534  __TI_Handler_Table_Base               
2000d540  __TI_Handler_Table_Limit              
2000c111  __TI_auto_init_nobinit_nopinit        
2000b5ed  __TI_decompress_lzss                  
2000ce79  __TI_decompress_none                  
2000bbcd  __TI_ltoa                             
ffffffff  __TI_pprof_out_hndl                   
20005711  __TI_printfi                          
ffffffff  __TI_prof_data_size                   
ffffffff  __TI_prof_data_start                  
2000d500  __TI_static_base__                    
2000cb75  __TI_zero_init_nomemset               
2000aec1  __aeabi_cdcmpeq                       
2000aec1  __aeabi_cdcmple                       
2000af47  __aeabi_cdrcmple                      
2000bfb9  __aeabi_d2iz                          
200079bf  __aeabi_dadd                          
20008b1d  __aeabi_ddiv                          
200091dd  __aeabi_dmul                          
200079b5  __aeabi_dsub                          
2000cecd  __aeabi_errno_addr                    
2000c6a5  __aeabi_i2d                           
20008c53  __aeabi_idiv0                         
20008c53  __aeabi_ldiv0                         
2000b255  __aeabi_memclr                        
2000b255  __aeabi_memclr4                       
2000b255  __aeabi_memclr8                       
2000a471  __aeabi_memcpy                        
2000a471  __aeabi_memcpy4                       
2000a471  __aeabi_memcpy8                       
2000b257  __aeabi_memset                        
2000b257  __aeabi_memset4                       
2000b257  __aeabi_memset8                       
2000a8a1  __aeabi_uldivmod                      
ffffffff  __binit__                             
ffffffff  __c_args__                            
UNDEFED   __mpu_init                            
2002f000  __stack                               
20017000  __start___llvm_prf_cnts               
20017000  __stop___llvm_prf_cnts                
2000c981  _c_int00_noargs                       
2000ceec  _ctypes_                              
2001f2a4  _lock                                 
20007b6b  _nop                                  
2000b6b9  _sl_HandleAsync_Accept                
2000b0d5  _sl_HandleAsync_Connect               
2000a9cd  _sl_HandleAsync_DnsGetHostByName      
20009cbd  _sl_HandleAsync_DnsGetHostByService   
2000ad21  _sl_HandleAsync_InitComplete          
2000aa5d  _sl_HandleAsync_PingResponse          
2000bc21  _sl_HandleAsync_Select                
2000bcc9  _sl_HandleAsync_Stop                  
2000b581  _sl_NetAppSendTokenValue              
20017000  _sys_memory                           
UNDEFED   _system_post_cinit                    
2000cee3  _system_pre_init                      
2001f2a8  _unlock                               
2000cee7  abort                                 
200090dd  aligned_alloc                         
2000be49  atoi                                  
ffffffff  binit                                 
2000cead  copysign                              
2000cead  copysignl                             
2001f2b4  errno                                 
20009865  free                                  
2000b969  frexp                                 
2000b969  frexpl                                
2001f278  g_Host                                
2001f27c  g_SlDeviceStatus                      
2001f298  g_SpiFd                               
2001f21c  g__SlNonOsCB                          
2001f215  g_bDeviceRestartIsRequired            
2001f216  g_cDummy                              
2001f280  g_pCB                                 
2001f29c  g_pHostIntHdl                         
20004000  g_pfnVectors                          
2001f1b8  g_time                                
2001f208  g_ucConnectionBSSID                   
2001f1e4  g_ucConnectionSSID                    
2001f2a0  g_ucDMAEnabled                        
2001f168  g_ucDinDout                           
2001f217  g_ucLED1Pin                           
2001f218  g_ucLED2Pin                           
2001f219  g_ucLED3Pin                           
2001f28c  g_uiLED1Port                          
2001f290  g_uiLED2Port                          
2001f294  g_uiLED3Port                          
2001f274  g_ulGatewayIP                         
2001f270  g_ulPingPacketsRecv                   
2001f26c  g_ulStatus                            
20009bed  ldexp                                 
20009bed  ldexpl                                
200050f5  main                                  
2000ced5  malloc                                
200090dd  memalign                              
2000cbad  memccpy                               
2000a471  memcpy                                
2000c8a1  memmove                               
2000b25d  memset                                
2001f284  pPingCallBackFunc                     
20004d49  printErrConvenience                   
20009949  realloc                               
20009bed  scalbn                                
20009bed  scalbnl                               
2000c451  simplelink_timerA2_start              
2000b849  sl_Close                              
2000804d  sl_Connect                            
20009d89  sl_DevGet                             
2000a5a9  sl_DevSet                             
2000c199  sl_Htonl                              
2000c48d  sl_Htons                              
2000889d  sl_NetAppDnsGetHostByName             
20009a2d  sl_NetAppMDNSRegisterUnregisterService
2000b71d  sl_NetAppMDNSUnRegisterService        
2000a641  sl_NetCfgSet                          
2000c8ef  sl_Provisioning_HttpServerEventHdl    
2000c8fd  sl_Provisioning_NetAppEventHdl        
2000c909  sl_Provisioning_WlanEventHdl          
2000a3d1  sl_Recv                               
20008c55  sl_Send                               
2000a6d9  sl_SetSockOpt                         
2000adad  sl_Socket                             
200095a9  sl_Start                              
200092d9  sl_Stop                               
20006a89  sl_WlanConnect                        
2000c53d  sl_WlanDisconnect                     
2000aaed  sl_WlanPolicySet                      
2000b8a9  sl_WlanProfileDel                     
2000afcd  sl_WlanRxFilterSet                    
2000a771  sl_WlanSet                            
2000b909  sl_WlanSetMode                        
2000b2d1  spi_Close                             
20008611  spi_Open                              
200093c9  spi_Read                              
2000a809  spi_Write                             
2000c2dd  sprintf                               
2000cdcf  strchr                                
2000ce21  strcpy                                
2000ce35  strlen                                
2000be95  uDMAChannelAssign                     
2000b781  uDMAChannelAttributeDisable           
2000b7e5  uDMAChannelAttributeEnable            
2000c4c9  uDMAChannelControlSet                 
2000cbc9  uDMAChannelEnable                     
200094b9  uDMAChannelTransferSet                
2000c31d  vsnprintf                             
2000ce49  wcslen                                


GLOBAL SYMBOLS: SORTED BY Symbol Address 

address   name                                  
-------   ----                                  
00001000  __STACK_SIZE                          
00008000  __SYSMEM_SIZE                         
20004000  g_pfnVectors                          
20004401  SimpleLinkWlanEventHandler            
2000450f  SimpleLinkNetAppEventHandler          
200045b1  SimpleLinkHttpServerCallback          
200045d5  SimpleLinkGeneralEventHandler         
200045f5  SimpleLinkSockEventHandler            
20004d49  printErrConvenience                   
200050f5  main                                  
20005711  __TI_printfi                          
2000672d  GPIO_IF_LedConfigure                  
2000676b  GPIO_IF_LedOn                         
2000681f  GPIO_IF_LedOff                        
200068d3  GPIO_IF_LedStatus                     
2000693d  GPIO_IF_LedToggle                     
2000696b  GPIO_IF_GetPortNPin                   
200069b1  GPIO_IF_ConfigureNIntEnable           
200069f9  GPIO_IF_Set                           
20006a3d  GPIO_IF_Get                           
20006a89  sl_WlanConnect                        
20006d09  InitTerm                              
20006d27  Message                               
20006d49  ClearTerm                             
20006d53  Error                                 
20006d8b  GetCmd                                
20006e31  TrimSpace                             
20006ec9  Report                                
20007435  _SlDrvDataReadOp                      
20007619  _SlDrvReleasePoolObj                  
200079b5  __aeabi_dsub                          
200079bf  __aeabi_dadd                          
20007b6b  _nop                                  
20007b6d  _SlDrvDriverCBInit                    
20007ebd  _SlDrvWaitForPoolObj                  
2000804d  sl_Connect                            
200081d9  PRCMCC3200MCUInit                     
200084c1  _SlDrvDataWriteOp                     
20008611  spi_Open                              
2000889d  sl_NetAppDnsGetHostByName             
20008b1d  __aeabi_ddiv                          
20008c53  __aeabi_idiv0                         
20008c53  __aeabi_ldiv0                         
20008c55  sl_Send                               
20008d89  _SlDrvDriverCBDeinit                  
20008fd9  _SlDrvNetAppEventHandler              
200090dd  aligned_alloc                         
200090dd  memalign                              
200091dd  __aeabi_dmul                          
200092d9  sl_Stop                               
200093c9  spi_Read                              
200094b9  uDMAChannelTransferSet                
200095a9  sl_Start                              
2000977d  _SlDrvMsgReadSpawnCtx                 
20009865  free                                  
20009949  realloc                               
20009a2d  sl_NetAppMDNSRegisterUnregisterService
20009bed  ldexp                                 
20009bed  ldexpl                                
20009bed  scalbn                                
20009bed  scalbnl                               
20009cbd  _sl_HandleAsync_DnsGetHostByService   
20009d89  sl_DevGet                             
20009f19  _SlDrvCmdOp                           
2000a08d  _SlNonOsSemGet                        
2000a13d  IntDisable                            
2000a1e5  IntEnable                             
2000a28d  _SlDriverHandleError                  
2000a331  SPIConfigSetExpClk                    
2000a3d1  sl_Recv                               
2000a471  __aeabi_memcpy                        
2000a471  __aeabi_memcpy4                       
2000a471  __aeabi_memcpy8                       
2000a471  memcpy                                
2000a50d  _SlDrvDeviceEventHandler              
2000a5a9  sl_DevSet                             
2000a641  sl_NetCfgSet                          
2000a6d9  sl_SetSockOpt                         
2000a771  sl_WlanSet                            
2000a809  spi_Write                             
2000a8a1  __aeabi_uldivmod                      
2000a939  PRCMPeripheralClockGet                
2000a9cd  _sl_HandleAsync_DnsGetHostByName      
2000aa5d  _sl_HandleAsync_PingResponse          
2000aaed  sl_WlanPolicySet                      
2000ac95  _SlDrvIsTimeoutExpired                
2000ad21  _sl_HandleAsync_InitComplete          
2000adad  sl_Socket                             
2000ae39  PinConfigSet                          
2000aec1  __aeabi_cdcmpeq                       
2000aec1  __aeabi_cdcmple                       
2000af47  __aeabi_cdrcmple                      
2000afcd  sl_WlanRxFilterSet                    
2000b051  GPIOIntTypeSet                        
2000b0d5  _sl_HandleAsync_Connect               
2000b255  __aeabi_memclr                        
2000b255  __aeabi_memclr4                       
2000b255  __aeabi_memclr8                       
2000b257  __aeabi_memset                        
2000b257  __aeabi_memset4                       
2000b257  __aeabi_memset8                       
2000b25d  memset                                
2000b2d1  spi_Close                             
2000b349  UARTConfigSetExpClk                   
2000b3c1  _SlNonOsMainLoopTask                  
2000b515  _SlDrvCmdSend                         
2000b581  _sl_NetAppSendTokenValue              
2000b5ed  __TI_decompress_lzss                  
2000b655  _SlNonOsSpawn                         
2000b6b9  _sl_HandleAsync_Accept                
2000b71d  sl_NetAppMDNSUnRegisterService        
2000b781  uDMAChannelAttributeDisable           
2000b7e5  uDMAChannelAttributeEnable            
2000b849  sl_Close                              
2000b8a9  sl_WlanProfileDel                     
2000b909  sl_WlanSetMode                        
2000b969  frexp                                 
2000b969  frexpl                                
2000b9c5  IntPendClear                          
2000ba1d  PRCMPeripheralReset                   
2000ba75  PinMuxConfig                          
2000bb25  IntPrioritySet                        
2000bb79  _SlDrvRxIrqHandler                    
2000bbcd  __TI_ltoa                             
2000bc21  _sl_HandleAsync_Select                
2000bcc9  _sl_HandleAsync_Stop                  
2000bd19  SPIIntEnable                          
2000bdb1  _SlDrvProtectAsyncRespSetting         
2000be49  atoi                                  
2000be95  uDMAChannelAssign                     
2000bf29  SPIIntClear                           
2000bf71  _SlDrvBasicCmd                        
2000bfb9  __aeabi_d2iz                          
2000c045  TimerConfigure                        
2000c089  _SlDrvHandleHttpServerEvents          
2000c0cd  _SlDrvSyncObjWaitTimeout              
2000c111  __TI_auto_init_nobinit_nopinit        
2000c199  sl_Htonl                              
2000c1dd  PinModeSet                            
2000c21d  _SlDrvHandleNetAppEvents              
2000c25d  _SlDrvHandleWlanEvents                
2000c2dd  sprintf                               
2000c31d  vsnprintf                             
2000c35d  NwpRegisterInterruptHandler           
2000c415  PRCMPeripheralClkEnable               
2000c451  simplelink_timerA2_start              
2000c48d  sl_Htons                              
2000c4c9  uDMAChannelControlSet                 
2000c505  NwpPowerOff                           
2000c53d  sl_WlanDisconnect                     
2000c575  GPIODirModeSet                        
2000c5ad  PRCMPeripheralStatusGet               
2000c5e1  SPIFIFOLevelSet                       
2000c615  PinTypeGPIO                           
2000c645  UARTDisable                           
2000c6a5  __aeabi_i2d                           
2000c6d5  NwpPowerOn                            
2000c701  PRCMSysResetCauseGet                  
2000c759  _SlDrvProtectionObjLockWaitForever    
2000c785  TimerLoadSet                          
2000c7af  TimerPrescaleSet                      
2000c7d9  PRCMPeripheralClkDisable              
2000c801  _SlDrvGlobalObjUnLock                 
2000c829  _SlDrvProtectionObjUnLock             
2000c851  _SlDrvSyncObjWaitForever              
2000c8a1  memmove                               
2000c8c9  _SlDrvObjLockWaitForever              
2000c8ef  sl_Provisioning_HttpServerEventHdl    
2000c8fd  sl_Provisioning_NetAppEventHdl        
2000c909  sl_Provisioning_WlanEventHdl          
2000c915  DmaSpiSwIntHandler                    
2000c939  IntUnregister                         
2000c95d  UARTEnable                            
2000c981  _c_int00_noargs                       
2000c9a5  SPIReset                              
2000c9c7  SPIWordCountSet                       
2000c9e9  GPIOPinWrite                          
2000ca09  IntRegister                           
2000ca29  NwpPrePowerOffTimout0                 
2000ca49  TimerGetCurrentTimestamp              
2000ca69  _SlDrvObjUnLock                       
2000ca89  _SlDrvSyncObjSignal                   
2000caa9  GPIOIntRegister                       
2000cac7  TimerEnable                           
2000cae5  UARTCharPut                           
2000cb21  TimerValueGet                         
2000cb3d  UARTCharGetNonBlocking                
2000cb59  _SlDrvStartMeasureTimeout             
2000cb75  __TI_zero_init_nomemset               
2000cbad  memccpy                               
2000cbc9  uDMAChannelEnable                     
2000cbe5  GPIOIntEnable                         
2000cbff  PinTypeUART                           
2000cc19  SPIDmaDisable                         
2000cc33  SPIDmaEnable                          
2000cc4d  SPIFIFODisable                        
2000cc67  SPIFIFOEnable                         
2000cc81  SPIIntUnregister                      
2000cc9b  GPIOPinRead                           
2000ccb3  SPICSDisable                          
2000cccb  SPICSEnable                           
2000cce3  SPIDisable                            
2000ccfb  SPIEnable                             
2000cd13  UARTCharsAvail                        
2000cd2b  _SlNonOsSemSet                        
2000cd8d  PRCMHIBRegRead                        
2000cda3  PRCMHIBRegWrite                       
2000cdb9  _SlDrvMemZero                         
2000cdcf  strchr                                
2000cde5  CPUcpsie                              
2000cdf9  GPIOIntClear                          
2000ce0d  IntVTableBaseSet                      
2000ce21  strcpy                                
2000ce35  strlen                                
2000ce49  wcslen                                
2000ce5b  _SlDrvDispatchHttpServerEvents        
2000ce6b  _SlDrvResetCmdExt                     
2000ce79  __TI_decompress_none                  
2000ce87  ResetISR                              
2000ce95  NwpMaskInterrupt                      
2000cea1  NwpUnMaskInterrupt                    
2000cead  copysign                              
2000cead  copysignl                             
2000ceb9  IntMasterEnable                       
2000cecd  __aeabi_errno_addr                    
2000ced5  malloc                                
2000cedd  UtilsDelay                            
2000cee3  _system_pre_init                      
2000cee7  C$$EXIT                               
2000cee7  abort                                 
2000ceec  _ctypes_                              
2000d26c  OpcodeTranslateTable                  
2000d2a8  _SlActionLookupTable                  
2000d4be  _SlNetAppSendTokenValueCmdCtrl        
2000d500  __TI_static_base__                    
2000d534  __TI_Handler_Table_Base               
2000d540  __TI_Handler_Table_Limit              
2000d548  __TI_CINIT_Base                       
2000d558  __TI_CINIT_Limit                      
20017000  __start___llvm_prf_cnts               
20017000  __stop___llvm_prf_cnts                
20017000  _sys_memory                           
2001f168  g_ucDinDout                           
2001f1b8  g_time                                
2001f1e4  g_ucConnectionSSID                    
2001f208  g_ucConnectionBSSID                   
2001f214  RxIrqCnt                              
2001f215  g_bDeviceRestartIsRequired            
2001f216  g_cDummy                              
2001f217  g_ucLED1Pin                           
2001f218  g_ucLED2Pin                           
2001f219  g_ucLED3Pin                           
2001f21c  g__SlNonOsCB                          
2001f26c  g_ulStatus                            
2001f270  g_ulPingPacketsRecv                   
2001f274  g_ulGatewayIP                         
2001f278  g_Host                                
2001f27c  g_SlDeviceStatus                      
2001f280  g_pCB                                 
2001f284  pPingCallBackFunc                     
2001f28c  g_uiLED1Port                          
2001f290  g_uiLED2Port                          
2001f294  g_uiLED3Port                          
2001f298  g_SpiFd                               
2001f29c  g_pHostIntHdl                         
2001f2a0  g_ucDMAEnabled                        
2001f2a4  _lock                                 
2001f2a8  _unlock                               
2001f2b4  errno                                 
2002f000  __stack                               
20030000  __STACK_END                           
ffffffff  __TI_pprof_out_hndl                   
ffffffff  __TI_prof_data_size                   
ffffffff  __TI_prof_data_start                  
ffffffff  __binit__                             
ffffffff  __c_args__                            
ffffffff  binit                                 
UNDEFED   __mpu_init                            
UNDEFED   _system_post_cinit                    

[279 symbols]
